Archive member included to satisfy reference by file (symbol)

d:/archivos de programa (hdd)/stm32cubeide_1.6.0/stm32cubeide/plugins/com.st.stm32cube.ide.mcu.externaltools.gnu-tools-for-stm32.10.3-2021.10.win32_1.0.0.202111181127/tools/bin/../lib/gcc/arm-none-eabi/10.3.1/../../../../arm-none-eabi/lib/thumb/v7e-m+fp/hard\libc_nano.a(lib_a-errno.o)
                              ./Core/Src/syscalls.o (__errno)
d:/archivos de programa (hdd)/stm32cubeide_1.6.0/stm32cubeide/plugins/com.st.stm32cube.ide.mcu.externaltools.gnu-tools-for-stm32.10.3-2021.10.win32_1.0.0.202111181127/tools/bin/../lib/gcc/arm-none-eabi/10.3.1/../../../../arm-none-eabi/lib/thumb/v7e-m+fp/hard\libc_nano.a(lib_a-exit.o)
                              d:/archivos de programa (hdd)/stm32cubeide_1.6.0/stm32cubeide/plugins/com.st.stm32cube.ide.mcu.externaltools.gnu-tools-for-stm32.10.3-2021.10.win32_1.0.0.202111181127/tools/bin/../lib/gcc/arm-none-eabi/10.3.1/../../../../arm-none-eabi/lib/thumb/v7e-m+fp/hard/crt0.o (exit)
d:/archivos de programa (hdd)/stm32cubeide_1.6.0/stm32cubeide/plugins/com.st.stm32cube.ide.mcu.externaltools.gnu-tools-for-stm32.10.3-2021.10.win32_1.0.0.202111181127/tools/bin/../lib/gcc/arm-none-eabi/10.3.1/../../../../arm-none-eabi/lib/thumb/v7e-m+fp/hard\libc_nano.a(lib_a-findfp.o)
                              ./Middlewares/Third_Party/FreeRTOS/Source/tasks.o (__sf_fake_stderr)
d:/archivos de programa (hdd)/stm32cubeide_1.6.0/stm32cubeide/plugins/com.st.stm32cube.ide.mcu.externaltools.gnu-tools-for-stm32.10.3-2021.10.win32_1.0.0.202111181127/tools/bin/../lib/gcc/arm-none-eabi/10.3.1/../../../../arm-none-eabi/lib/thumb/v7e-m+fp/hard\libc_nano.a(lib_a-fwalk.o)
                              d:/archivos de programa (hdd)/stm32cubeide_1.6.0/stm32cubeide/plugins/com.st.stm32cube.ide.mcu.externaltools.gnu-tools-for-stm32.10.3-2021.10.win32_1.0.0.202111181127/tools/bin/../lib/gcc/arm-none-eabi/10.3.1/../../../../arm-none-eabi/lib/thumb/v7e-m+fp/hard\libc_nano.a(lib_a-findfp.o) (_fwalk)
d:/archivos de programa (hdd)/stm32cubeide_1.6.0/stm32cubeide/plugins/com.st.stm32cube.ide.mcu.externaltools.gnu-tools-for-stm32.10.3-2021.10.win32_1.0.0.202111181127/tools/bin/../lib/gcc/arm-none-eabi/10.3.1/../../../../arm-none-eabi/lib/thumb/v7e-m+fp/hard\libc_nano.a(lib_a-impure.o)
                              d:/archivos de programa (hdd)/stm32cubeide_1.6.0/stm32cubeide/plugins/com.st.stm32cube.ide.mcu.externaltools.gnu-tools-for-stm32.10.3-2021.10.win32_1.0.0.202111181127/tools/bin/../lib/gcc/arm-none-eabi/10.3.1/../../../../arm-none-eabi/lib/thumb/v7e-m+fp/hard\libc_nano.a(lib_a-exit.o) (_global_impure_ptr)
d:/archivos de programa (hdd)/stm32cubeide_1.6.0/stm32cubeide/plugins/com.st.stm32cube.ide.mcu.externaltools.gnu-tools-for-stm32.10.3-2021.10.win32_1.0.0.202111181127/tools/bin/../lib/gcc/arm-none-eabi/10.3.1/../../../../arm-none-eabi/lib/thumb/v7e-m+fp/hard\libc_nano.a(lib_a-init.o)
                              d:/archivos de programa (hdd)/stm32cubeide_1.6.0/stm32cubeide/plugins/com.st.stm32cube.ide.mcu.externaltools.gnu-tools-for-stm32.10.3-2021.10.win32_1.0.0.202111181127/tools/bin/../lib/gcc/arm-none-eabi/10.3.1/../../../../arm-none-eabi/lib/thumb/v7e-m+fp/hard/crt0.o (__libc_init_array)
d:/archivos de programa (hdd)/stm32cubeide_1.6.0/stm32cubeide/plugins/com.st.stm32cube.ide.mcu.externaltools.gnu-tools-for-stm32.10.3-2021.10.win32_1.0.0.202111181127/tools/bin/../lib/gcc/arm-none-eabi/10.3.1/../../../../arm-none-eabi/lib/thumb/v7e-m+fp/hard\libc_nano.a(lib_a-lock.o)
                              d:/archivos de programa (hdd)/stm32cubeide_1.6.0/stm32cubeide/plugins/com.st.stm32cube.ide.mcu.externaltools.gnu-tools-for-stm32.10.3-2021.10.win32_1.0.0.202111181127/tools/bin/../lib/gcc/arm-none-eabi/10.3.1/../../../../arm-none-eabi/lib/thumb/v7e-m+fp/hard\libc_nano.a(lib_a-findfp.o) (__retarget_lock_init_recursive)
d:/archivos de programa (hdd)/stm32cubeide_1.6.0/stm32cubeide/plugins/com.st.stm32cube.ide.mcu.externaltools.gnu-tools-for-stm32.10.3-2021.10.win32_1.0.0.202111181127/tools/bin/../lib/gcc/arm-none-eabi/10.3.1/../../../../arm-none-eabi/lib/thumb/v7e-m+fp/hard\libc_nano.a(lib_a-memcpy-stub.o)
                              ./Middlewares/Third_Party/FreeRTOS/Source/queue.o (memcpy)
d:/archivos de programa (hdd)/stm32cubeide_1.6.0/stm32cubeide/plugins/com.st.stm32cube.ide.mcu.externaltools.gnu-tools-for-stm32.10.3-2021.10.win32_1.0.0.202111181127/tools/bin/../lib/gcc/arm-none-eabi/10.3.1/../../../../arm-none-eabi/lib/thumb/v7e-m+fp/hard\libc_nano.a(lib_a-memset.o)
                              d:/archivos de programa (hdd)/stm32cubeide_1.6.0/stm32cubeide/plugins/com.st.stm32cube.ide.mcu.externaltools.gnu-tools-for-stm32.10.3-2021.10.win32_1.0.0.202111181127/tools/bin/../lib/gcc/arm-none-eabi/10.3.1/../../../../arm-none-eabi/lib/thumb/v7e-m+fp/hard/crt0.o (memset)
[...]
Memory Configuration

Name             Origin             Length             Attributes
RAM              0x0000000020000000 0x0000000000018000 xrw
FLASH            0x0000000008000000 0x0000000000080000 xr
*default*        0x0000000000000000 0xffffffffffffffff

Linker script and memory map

LOAD d:/archivos de programa (hdd)/stm32cubeide_1.6.0/stm32cubeide/plugins/com.st.stm32cube.ide.mcu.externaltools.gnu-tools-for-stm32.10.3-2021.10.win32_1.0.0.202111181127/tools/bin/../lib/gcc/arm-none-eabi/10.3.1/thumb/v7e-m+fp/hard/crti.o
LOAD d:/archivos de programa (hdd)/stm32cubeide_1.6.0/stm32cubeide/plugins/com.st.stm32cube.ide.mcu.externaltools.gnu-tools-for-stm32.10.3-2021.10.win32_1.0.0.202111181127/tools/bin/../lib/gcc/arm-none-eabi/10.3.1/thumb/v7e-m+fp/hard/crtbegin.o
LOAD d:/archivos de programa (hdd)/stm32cubeide_1.6.0/stm32cubeide/plugins/com.st.stm32cube.ide.mcu.externaltools.gnu-tools-for-stm32.10.3-2021.10.win32_1.0.0.202111181127/tools/bin/../lib/gcc/arm-none-eabi/10.3.1/../../../../arm-none-eabi/lib/thumb/v7e-m+fp/hard/crt0.o
LOAD ./Core/Src/freertos.o
LOAD ./Core/Src/main.o
LOAD ./Core/Src/stm32f4xx_hal_msp.o
LOAD ./Core/Src/stm32f4xx_hal_timebase_tim.o
LOAD ./Core/Src/stm32f4xx_it.o
LOAD ./Core/Src/syscalls.o
LOAD ./Core/Src/sysmem.o
LOAD ./Core/Src/system_stm32f4xx.o
LOAD ./Core/Startup/startup_stm32f401retx.o
LOAD ./Drivers/STM32F4xx_HAL_Driver/Src/stm32f4xx_hal.o
LOAD ./Drivers/STM32F4xx_HAL_Driver/Src/stm32f4xx_hal_cortex.o
LOAD ./Drivers/STM32F4xx_HAL_Driver/Src/stm32f4xx_hal_dma.o
LOAD ./Drivers/STM32F4xx_HAL_Driver/Src/stm32f4xx_hal_dma_ex.o
LOAD ./Drivers/STM32F4xx_HAL_Driver/Src/stm32f4xx_hal_exti.o
LOAD ./Drivers/STM32F4xx_HAL_Driver/Src/stm32f4xx_hal_flash.o
LOAD ./Drivers/STM32F4xx_HAL_Driver/Src/stm32f4xx_hal_flash_ex.o
LOAD ./Drivers/STM32F4xx_HAL_Driver/Src/stm32f4xx_hal_flash_ramfunc.o
LOAD ./Drivers/STM32F4xx_HAL_Driver/Src/stm32f4xx_hal_gpio.o
LOAD ./Drivers/STM32F4xx_HAL_Driver/Src/stm32f4xx_hal_pwr.o
LOAD ./Drivers/STM32F4xx_HAL_Driver/Src/stm32f4xx_hal_pwr_ex.o
LOAD ./Drivers/STM32F4xx_HAL_Driver/Src/stm32f4xx_hal_rcc.o
LOAD ./Drivers/STM32F4xx_HAL_Driver/Src/stm32f4xx_hal_rcc_ex.o
LOAD ./Drivers/STM32F4xx_HAL_Driver/Src/stm32f4xx_hal_tim.o
LOAD ./Drivers/STM32F4xx_HAL_Driver/Src/stm32f4xx_hal_tim_ex.o
LOAD ./Drivers/STM32F4xx_HAL_Driver/Src/stm32f4xx_hal_uart.o
LOAD ./Middlewares/Third_Party/FreeRTOS/Source/CMSIS_RTOS/cmsis_os.o
LOAD ./Middlewares/Third_Party/FreeRTOS/Source/croutine.o
LOAD ./Middlewares/Third_Party/FreeRTOS/Source/event_groups.o
LOAD ./Middlewares/Third_Party/FreeRTOS/Source/list.o
LOAD ./Middlewares/Third_Party/FreeRTOS/Source/queue.o
LOAD ./Middlewares/Third_Party/FreeRTOS/Source/stream_buffer.o
LOAD ./Middlewares/Third_Party/FreeRTOS/Source/tasks.o
LOAD ./Middlewares/Third_Party/FreeRTOS/Source/timers.o
LOAD ./Middlewares/Third_Party/FreeRTOS/Source/portable/GCC/ARM_CM4F/port.o
LOAD ./Middlewares/Third_Party/FreeRTOS/Source/portable/MemMang/heap_4.o
START GROUP
LOAD d:/archivos de programa (hdd)/stm32cubeide_1.6.0/stm32cubeide/plugins/com.st.stm32cube.ide.mcu.externaltools.gnu-tools-for-stm32.10.3-2021.10.win32_1.0.0.202111181127/tools/bin/../lib/gcc/arm-none-eabi/10.3.1/../../../../arm-none-eabi/lib/thumb/v7e-m+fp/hard\libc_nano.a
LOAD d:/archivos de programa (hdd)/stm32cubeide_1.6.0/stm32cubeide/plugins/com.st.stm32cube.ide.mcu.externaltools.gnu-tools-for-stm32.10.3-2021.10.win32_1.0.0.202111181127/tools/bin/../lib/gcc/arm-none-eabi/10.3.1/../../../../arm-none-eabi/lib/thumb/v7e-m+fp/hard\libm.a
END GROUP
START GROUP
LOAD d:/archivos de programa (hdd)/stm32cubeide_1.6.0/stm32cubeide/plugins/com.st.stm32cube.ide.mcu.externaltools.gnu-tools-for-stm32.10.3-2021.10.win32_1.0.0.202111181127/tools/bin/../lib/gcc/arm-none-eabi/10.3.1/thumb/v7e-m+fp/hard\libgcc.a
LOAD d:/archivos de programa (hdd)/stm32cubeide_1.6.0/stm32cubeide/plugins/com.st.stm32cube.ide.mcu.externaltools.gnu-tools-for-stm32.10.3-2021.10.win32_1.0.0.202111181127/tools/bin/../lib/gcc/arm-none-eabi/10.3.1/../../../../arm-none-eabi/lib/thumb/v7e-m+fp/hard\libc_nano.a
END GROUP
START GROUP
LOAD d:/archivos de programa (hdd)/stm32cubeide_1.6.0/stm32cubeide/plugins/com.st.stm32cube.ide.mcu.externaltools.gnu-tools-for-stm32.10.3-2021.10.win32_1.0.0.202111181127/tools/bin/../lib/gcc/arm-none-eabi/10.3.1/thumb/v7e-m+fp/hard\libgcc.a
LOAD d:/archivos de programa (hdd)/stm32cubeide_1.6.0/stm32cubeide/plugins/com.st.stm32cube.ide.mcu.externaltools.gnu-tools-for-stm32.10.3-2021.10.win32_1.0.0.202111181127/tools/bin/../lib/gcc/arm-none-eabi/10.3.1/../../../../arm-none-eabi/lib/thumb/v7e-m+fp/hard\libc_nano.a
LOAD d:/archivos de programa (hdd)/stm32cubeide_1.6.0/stm32cubeide/plugins/com.st.stm32cube.ide.mcu.externaltools.gnu-tools-for-stm32.10.3-2021.10.win32_1.0.0.202111181127/tools/bin/../lib/gcc/arm-none-eabi/10.3.1/../../../../arm-none-eabi/lib/thumb/v7e-m+fp/hard\libnosys.a
END GROUP
START GROUP
LOAD d:/archivos de programa (hdd)/stm32cubeide_1.6.0/stm32cubeide/plugins/com.st.stm32cube.ide.mcu.externaltools.gnu-tools-for-stm32.10.3-2021.10.win32_1.0.0.202111181127/tools/bin/../lib/gcc/arm-none-eabi/10.3.1/thumb/v7e-m+fp/hard\libgcc.a
LOAD d:/archivos de programa (hdd)/stm32cubeide_1.6.0/stm32cubeide/plugins/com.st.stm32cube.ide.mcu.externaltools.gnu-tools-for-stm32.10.3-2021.10.win32_1.0.0.202111181127/tools/bin/../lib/gcc/arm-none-eabi/10.3.1/../../../../arm-none-eabi/lib/thumb/v7e-m+fp/hard\libc_nano.a
LOAD d:/archivos de programa (hdd)/stm32cubeide_1.6.0/stm32cubeide/plugins/com.st.stm32cube.ide.mcu.externaltools.gnu-tools-for-stm32.10.3-2021.10.win32_1.0.0.202111181127/tools/bin/../lib/gcc/arm-none-eabi/10.3.1/../../../../arm-none-eabi/lib/thumb/v7e-m+fp/hard\libnosys.a
END GROUP
LOAD d:/archivos de programa (hdd)/stm32cubeide_1.6.0/stm32cubeide/plugins/com.st.stm32cube.ide.mcu.externaltools.gnu-tools-for-stm32.10.3-2021.10.win32_1.0.0.202111181127/tools/bin/../lib/gcc/arm-none-eabi/10.3.1/thumb/v7e-m+fp/hard/crtend.o
LOAD d:/archivos de programa (hdd)/stm32cubeide_1.6.0/stm32cubeide/plugins/com.st.stm32cube.ide.mcu.externaltools.gnu-tools-for-stm32.10.3-2021.10.win32_1.0.0.202111181127/tools/bin/../lib/gcc/arm-none-eabi/10.3.1/thumb/v7e-m+fp/hard/crtn.o
                0x0000000020018000                _estack = (ORIGIN (RAM) + LENGTH (RAM))
                0x0000000000000200                _Min_Heap_Size = 0x200
                0x0000000000000400                _Min_Stack_Size = 0x400

.isr_vector     0x0000000008000000      0x194
                0x0000000008000000                . = ALIGN (0x4)
 *(.isr_vector)
 .isr_vector    0x0000000008000000      0x194 ./Core/Startup/startup_stm32f401retx.o
                0x0000000008000000                g_pfnVectors
                0x0000000008000194                . = ALIGN (0x4)

.text           0x00000000080001a0     0x6be8
                0x00000000080001a0                . = ALIGN (0x4)
 *(.text)
 .text          0x00000000080001a0       0x40 d:/archivos de programa (hdd)/stm32cubeide_1.6.0/stm32cubeide/plugins/com.st.stm32cube.ide.mcu.externaltools.gnu-tools-for-stm32.10.3-2021.10.win32_1.0.0.202111181127/tools/bin/../lib/gcc/arm-none-eabi/10.3.1/thumb/v7e-m+fp/hard/crtbegin.o
 .text          0x00000000080001e0       0xa0 d:/archivos de programa (hdd)/stm32cubeide_1.6.0/stm32cubeide/plugins/com.st.stm32cube.ide.mcu.externaltools.gnu-tools-for-stm32.10.3-2021.10.win32_1.0.0.202111181127/tools/bin/../lib/gcc/arm-none-eabi/10.3.1/../../../../arm-none-eabi/lib/thumb/v7e-m+fp/hard\libc_nano.a(lib_a-memchr.o)
                0x00000000080001e0                memchr
 .text          0x0000000008000280       0x30 d:/archivos de programa (hdd)/stm32cubeide_1.6.0/stm32cubeide/plugins/com.st.stm32cube.ide.mcu.externaltools.gnu-tools-for-stm32.10.3-2021.10.win32_1.0.0.202111181127/tools/bin/../lib/gcc/arm-none-eabi/10.3.1/thumb/v7e-m+fp/hard\libgcc.a(_aeabi_uldivmod.o)
                0x0000000008000280                __aeabi_uldivmod
 .text          0x00000000080002b0      0x2d0 d:/archivos de programa (hdd)/stm32cubeide_1.6.0/stm32cubeide/plugins/com.st.stm32cube.ide.mcu.externaltools.gnu-tools-for-stm32.10.3-2021.10.win32_1.0.0.202111181127/tools/bin/../lib/gcc/arm-none-eabi/10.3.1/thumb/v7e-m+fp/hard\libgcc.a(_udivmoddi4.o)
                0x00000000080002b0                __udivmoddi4
 .text          0x0000000008000580        0x4 d:/archivos de programa (hdd)/stm32cubeide_1.6.0/stm32cubeide/plugins/com.st.stm32cube.ide.mcu.externaltools.gnu-tools-for-stm32.10.3-2021.10.win32_1.0.0.202111181127/tools/bin/../lib/gcc/arm-none-eabi/10.3.1/thumb/v7e-m+fp/hard\libgcc.a(_dvmd_tls.o)
                0x0000000008000580                __aeabi_idiv0
                0x0000000008000580                __aeabi_ldiv0
 *(.text*)
 .text.vApplicationIdleHook
                0x0000000008000584        0xe ./Core/Src/freertos.o
                0x0000000008000584                vApplicationIdleHook
 *fill*         0x0000000008000592        0x2 
 .text.vApplicationGetIdleTaskMemory
                0x0000000008000594       0x34 ./Core/Src/freertos.o
                0x0000000008000594                vApplicationGetIdleTaskMemory
 .text.main     0x00000000080005c8      0x100 ./Core/Src/main.o
                0x00000000080005c8                main
 .text.SystemClock_Config
                0x00000000080006c8       0xd8 ./Core/Src/main.o
                0x00000000080006c8                SystemClock_Config
 .text.MX_TIM2_Init
                0x00000000080007a0       0xe0 ./Core/Src/main.o
 .text.MX_TIM3_Init
                0x0000000008000880       0xb4 ./Core/Src/main.o
 .text.MX_USART2_UART_Init
                0x0000000008000934       0x54 ./Core/Src/main.o
 .text.MX_GPIO_Init
                0x0000000008000988       0xec ./Core/Src/main.o
 .text.HAL_GPIO_EXTI_Callback
                0x0000000008000a74       0x20 ./Core/Src/main.o
                0x0000000008000a74                HAL_GPIO_EXTI_Callback
 .text.HAL_TIM_IC_CaptureCallback
                0x0000000008000a94       0xf0 ./Core/Src/main.o
                0x0000000008000a94                HAL_TIM_IC_CaptureCallback
 .text.TrigSensor
                0x0000000008000b84       0x30 ./Core/Src/main.o
                0x0000000008000b84                TrigSensor
 .text.FiltroDistancia
                0x0000000008000bb4      0x11c ./Core/Src/main.o
                0x0000000008000bb4                FiltroDistancia
 .text.generacionPWM
                0x0000000008000cd0      0x11c ./Core/Src/main.o
                0x0000000008000cd0                generacionPWM
 .text.StartDefaultTask
                0x0000000008000dec       0x30 ./Core/Src/main.o
                0x0000000008000dec                StartDefaultTask
 .text.HAL_TIM_PeriodElapsedCallback
                0x0000000008000e1c       0x24 ./Core/Src/main.o
                0x0000000008000e1c                HAL_TIM_PeriodElapsedCallback
 .text.Error_Handler
                0x0000000008000e40        0xa ./Core/Src/main.o
                0x0000000008000e40                Error_Handler
 *fill*         0x0000000008000e4a        0x2 
 .text.HAL_MspInit
                0x0000000008000e4c       0x58 ./Core/Src/stm32f4xx_hal_msp.o
                0x0000000008000e4c                HAL_MspInit
 .text.HAL_TIM_Base_MspInit
                0x0000000008000ea4       0x9c ./Core/Src/stm32f4xx_hal_msp.o
                0x0000000008000ea4                HAL_TIM_Base_MspInit
 .text.HAL_TIM_PWM_MspInit
                0x0000000008000f40       0x44 ./Core/Src/stm32f4xx_hal_msp.o
                0x0000000008000f40                HAL_TIM_PWM_MspInit
 .text.HAL_TIM_MspPostInit
                0x0000000008000f84       0x74 ./Core/Src/stm32f4xx_hal_msp.o
                0x0000000008000f84                HAL_TIM_MspPostInit
 .text.HAL_UART_MspInit
                0x0000000008000ff8       0x90 ./Core/Src/stm32f4xx_hal_msp.o
                0x0000000008000ff8                HAL_UART_MspInit
 .text.HAL_InitTick
                0x0000000008001088       0xb0 ./Core/Src/stm32f4xx_hal_timebase_tim.o
                0x0000000008001088                HAL_InitTick
 .text.NMI_Handler
                0x0000000008001138        0x6 ./Core/Src/stm32f4xx_it.o
                0x0000000008001138                NMI_Handler
 .text.HardFault_Handler
                0x000000000800113e        0x6 ./Core/Src/stm32f4xx_it.o
                0x000000000800113e                HardFault_Handler
 .text.MemManage_Handler
                0x0000000008001144        0x6 ./Core/Src/stm32f4xx_it.o
                0x0000000008001144                MemManage_Handler
 .text.BusFault_Handler
                0x000000000800114a        0x6 ./Core/Src/stm32f4xx_it.o
                0x000000000800114a                BusFault_Handler
 .text.UsageFault_Handler
                0x0000000008001150        0x6 ./Core/Src/stm32f4xx_it.o
                0x0000000008001150                UsageFault_Handler
 .text.DebugMon_Handler
                0x0000000008001156        0xe ./Core/Src/stm32f4xx_it.o
                0x0000000008001156                DebugMon_Handler
 .text.TIM1_UP_TIM10_IRQHandler
                0x0000000008001164       0x14 ./Core/Src/stm32f4xx_it.o
                0x0000000008001164                TIM1_UP_TIM10_IRQHandler
 .text.TIM2_IRQHandler
                0x0000000008001178       0x14 ./Core/Src/stm32f4xx_it.o
                0x0000000008001178                TIM2_IRQHandler
 .text.EXTI15_10_IRQHandler
                0x000000000800118c       0x10 ./Core/Src/stm32f4xx_it.o
                0x000000000800118c                EXTI15_10_IRQHandler
 .text._sbrk    0x000000000800119c       0x6c ./Core/Src/sysmem.o
                0x000000000800119c                _sbrk
 .text.SystemInit
                0x0000000008001208       0x24 ./Core/Src/system_stm32f4xx.o
                0x0000000008001208                SystemInit
 .text.Reset_Handler
                0x000000000800122c       0x50 ./Core/Startup/startup_stm32f401retx.o
                0x000000000800122c                Reset_Handler
 .text.Default_Handler
                0x000000000800127c        0x2 ./Core/Startup/startup_stm32f401retx.o
                0x000000000800127c                RTC_Alarm_IRQHandler
                0x000000000800127c                EXTI2_IRQHandler
                0x000000000800127c                SPI4_IRQHandler
                0x000000000800127c                TIM1_CC_IRQHandler
                0x000000000800127c                DMA2_Stream5_IRQHandler
                0x000000000800127c                DMA1_Stream5_IRQHandler
                0x000000000800127c                PVD_IRQHandler
                0x000000000800127c                SDIO_IRQHandler
                0x000000000800127c                TAMP_STAMP_IRQHandler
                0x000000000800127c                EXTI3_IRQHandler
                0x000000000800127c                I2C3_ER_IRQHandler
                0x000000000800127c                EXTI0_IRQHandler
                0x000000000800127c                I2C2_EV_IRQHandler
                0x000000000800127c                DMA1_Stream2_IRQHandler
                0x000000000800127c                FPU_IRQHandler
                0x000000000800127c                DMA2_Stream2_IRQHandler
                0x000000000800127c                SPI1_IRQHandler
                0x000000000800127c                TIM1_BRK_TIM9_IRQHandler
                0x000000000800127c                DMA2_Stream3_IRQHandler
                0x000000000800127c                USART6_IRQHandler
                0x000000000800127c                DMA2_Stream0_IRQHandler
                0x000000000800127c                TIM4_IRQHandler
                0x000000000800127c                I2C1_EV_IRQHandler
                0x000000000800127c                DMA1_Stream6_IRQHandler
                0x000000000800127c                DMA1_Stream1_IRQHandler
                0x000000000800127c                TIM3_IRQHandler
                0x000000000800127c                RCC_IRQHandler
                0x000000000800127c                Default_Handler
                0x000000000800127c                ADC_IRQHandler
                0x000000000800127c                DMA1_Stream7_IRQHandler
                0x000000000800127c                TIM5_IRQHandler
                0x000000000800127c                DMA2_Stream7_IRQHandler
                0x000000000800127c                I2C3_EV_IRQHandler
                0x000000000800127c                EXTI9_5_IRQHandler
                0x000000000800127c                RTC_WKUP_IRQHandler
                0x000000000800127c                SPI2_IRQHandler
                0x000000000800127c                DMA1_Stream0_IRQHandler
                0x000000000800127c                EXTI4_IRQHandler
                0x000000000800127c                WWDG_IRQHandler
                0x000000000800127c                OTG_FS_WKUP_IRQHandler
                0x000000000800127c                TIM1_TRG_COM_TIM11_IRQHandler
                0x000000000800127c                EXTI1_IRQHandler
                0x000000000800127c                USART2_IRQHandler
                0x000000000800127c                I2C2_ER_IRQHandler
                0x000000000800127c                DMA2_Stream1_IRQHandler
                0x000000000800127c                FLASH_IRQHandler
                0x000000000800127c                DMA2_Stream4_IRQHandler
                0x000000000800127c                USART1_IRQHandler
                0x000000000800127c                OTG_FS_IRQHandler
                0x000000000800127c                SPI3_IRQHandler
                0x000000000800127c                DMA1_Stream4_IRQHandler
                0x000000000800127c                I2C1_ER_IRQHandler
                0x000000000800127c                DMA2_Stream6_IRQHandler
                0x000000000800127c                DMA1_Stream3_IRQHandler
 *fill*         0x000000000800127e        0x2 
 .text.HAL_Init
                0x0000000008001280       0x44 ./Drivers/STM32F4xx_HAL_Driver/Src/stm32f4xx_hal.o
                0x0000000008001280                HAL_Init
 .text.HAL_IncTick
                0x00000000080012c4       0x28 ./Drivers/STM32F4xx_HAL_Driver/Src/stm32f4xx_hal.o
                0x00000000080012c4                HAL_IncTick
 .text.HAL_GetTick
                0x00000000080012ec       0x18 ./Drivers/STM32F4xx_HAL_Driver/Src/stm32f4xx_hal.o
                0x00000000080012ec                HAL_GetTick
 .text.__NVIC_SetPriorityGrouping
                0x0000000008001304       0x48 ./Drivers/STM32F4xx_HAL_Driver/Src/stm32f4xx_hal_cortex.o
 .text.__NVIC_GetPriorityGrouping
                0x000000000800134c       0x1c ./Drivers/STM32F4xx_HAL_Driver/Src/stm32f4xx_hal_cortex.o
 .text.__NVIC_EnableIRQ
                0x0000000008001368       0x3c ./Drivers/STM32F4xx_HAL_Driver/Src/stm32f4xx_hal_cortex.o
 .text.__NVIC_SetPriority
                0x00000000080013a4       0x54 ./Drivers/STM32F4xx_HAL_Driver/Src/stm32f4xx_hal_cortex.o
 .text.NVIC_EncodePriority
                0x00000000080013f8       0x66 ./Drivers/STM32F4xx_HAL_Driver/Src/stm32f4xx_hal_cortex.o
 .text.HAL_NVIC_SetPriorityGrouping
                0x000000000800145e       0x16 ./Drivers/STM32F4xx_HAL_Driver/Src/stm32f4xx_hal_cortex.o
                0x000000000800145e                HAL_NVIC_SetPriorityGrouping
 .text.HAL_NVIC_SetPriority
                0x0000000008001474       0x38 ./Drivers/STM32F4xx_HAL_Driver/Src/stm32f4xx_hal_cortex.o
                0x0000000008001474                HAL_NVIC_SetPriority
 .text.HAL_NVIC_EnableIRQ
                0x00000000080014ac       0x1c ./Drivers/STM32F4xx_HAL_Driver/Src/stm32f4xx_hal_cortex.o
                0x00000000080014ac                HAL_NVIC_EnableIRQ
 .text.HAL_GPIO_Init
                0x00000000080014c8      0x308 ./Drivers/STM32F4xx_HAL_Driver/Src/stm32f4xx_hal_gpio.o
                0x00000000080014c8                HAL_GPIO_Init
 .text.HAL_GPIO_WritePin
                0x00000000080017d0       0x32 ./Drivers/STM32F4xx_HAL_Driver/Src/stm32f4xx_hal_gpio.o
                0x00000000080017d0                HAL_GPIO_WritePin
 .text.HAL_GPIO_TogglePin
                0x0000000008001802       0x34 ./Drivers/STM32F4xx_HAL_Driver/Src/stm32f4xx_hal_gpio.o
                0x0000000008001802                HAL_GPIO_TogglePin
 *fill*         0x0000000008001836        0x2 
 .text.HAL_GPIO_EXTI_IRQHandler
                0x0000000008001838       0x30 ./Drivers/STM32F4xx_HAL_Driver/Src/stm32f4xx_hal_gpio.o
                0x0000000008001838                HAL_GPIO_EXTI_IRQHandler
 .text.HAL_RCC_OscConfig
                0x0000000008001868      0x4f0 ./Drivers/STM32F4xx_HAL_Driver/Src/stm32f4xx_hal_rcc.o
                0x0000000008001868                HAL_RCC_OscConfig
 .text.HAL_RCC_ClockConfig
                0x0000000008001d58      0x1cc ./Drivers/STM32F4xx_HAL_Driver/Src/stm32f4xx_hal_rcc.o
                0x0000000008001d58                HAL_RCC_ClockConfig
 .text.HAL_RCC_GetSysClockFreq
                0x0000000008001f24      0x20c ./Drivers/STM32F4xx_HAL_Driver/Src/stm32f4xx_hal_rcc.o
                0x0000000008001f24                HAL_RCC_GetSysClockFreq
 .text.HAL_RCC_GetHCLKFreq
                0x0000000008002130       0x18 ./Drivers/STM32F4xx_HAL_Driver/Src/stm32f4xx_hal_rcc.o
                0x0000000008002130                HAL_RCC_GetHCLKFreq
 .text.HAL_RCC_GetPCLK1Freq
                0x0000000008002148       0x28 ./Drivers/STM32F4xx_HAL_Driver/Src/stm32f4xx_hal_rcc.o
                0x0000000008002148                HAL_RCC_GetPCLK1Freq
 .text.HAL_RCC_GetPCLK2Freq
                0x0000000008002170       0x28 ./Drivers/STM32F4xx_HAL_Driver/Src/stm32f4xx_hal_rcc.o
                0x0000000008002170                HAL_RCC_GetPCLK2Freq
 .text.HAL_RCC_GetClockConfig
                0x0000000008002198       0x64 ./Drivers/STM32F4xx_HAL_Driver/Src/stm32f4xx_hal_rcc.o
                0x0000000008002198                HAL_RCC_GetClockConfig
 .text.HAL_TIM_Base_Init
                0x00000000080021fc       0x9e ./Drivers/STM32F4xx_HAL_Driver/Src/stm32f4xx_hal_tim.o
                0x00000000080021fc                HAL_TIM_Base_Init
 *fill*         0x000000000800229a        0x2 
 .text.HAL_TIM_Base_Start_IT
                0x000000000800229c       0xc4 ./Drivers/STM32F4xx_HAL_Driver/Src/stm32f4xx_hal_tim.o
                0x000000000800229c                HAL_TIM_Base_Start_IT
 .text.HAL_TIM_PWM_Init
                0x0000000008002360       0x9e ./Drivers/STM32F4xx_HAL_Driver/Src/stm32f4xx_hal_tim.o
                0x0000000008002360                HAL_TIM_PWM_Init
 *fill*         0x00000000080023fe        0x2 
 .text.HAL_TIM_PWM_Start
                0x0000000008002400      0x160 ./Drivers/STM32F4xx_HAL_Driver/Src/stm32f4xx_hal_tim.o
                0x0000000008002400                HAL_TIM_PWM_Start
 .text.HAL_TIM_IC_Init
                0x0000000008002560       0x9e ./Drivers/STM32F4xx_HAL_Driver/Src/stm32f4xx_hal_tim.o
                0x0000000008002560                HAL_TIM_IC_Init
 .text.HAL_TIM_IC_MspInit
                0x00000000080025fe       0x14 ./Drivers/STM32F4xx_HAL_Driver/Src/stm32f4xx_hal_tim.o
                0x00000000080025fe                HAL_TIM_IC_MspInit
 *fill*         0x0000000008002612        0x2 
 .text.HAL_TIM_IC_Start_IT
                0x0000000008002614      0x234 ./Drivers/STM32F4xx_HAL_Driver/Src/stm32f4xx_hal_tim.o
                0x0000000008002614                HAL_TIM_IC_Start_IT
 .text.HAL_TIM_IRQHandler
                0x0000000008002848      0x210 ./Drivers/STM32F4xx_HAL_Driver/Src/stm32f4xx_hal_tim.o
                0x0000000008002848                HAL_TIM_IRQHandler
 .text.HAL_TIM_IC_ConfigChannel
                0x0000000008002a58      0x138 ./Drivers/STM32F4xx_HAL_Driver/Src/stm32f4xx_hal_tim.o
                0x0000000008002a58                HAL_TIM_IC_ConfigChannel
 .text.HAL_TIM_PWM_ConfigChannel
                0x0000000008002b90      0x184 ./Drivers/STM32F4xx_HAL_Driver/Src/stm32f4xx_hal_tim.o
                0x0000000008002b90                HAL_TIM_PWM_ConfigChannel
 .text.HAL_TIM_ConfigClockSource
                0x0000000008002d14      0x18e ./Drivers/STM32F4xx_HAL_Driver/Src/stm32f4xx_hal_tim.o
                0x0000000008002d14                HAL_TIM_ConfigClockSource
 *fill*         0x0000000008002ea2        0x2 
 .text.HAL_TIM_ReadCapturedValue
                0x0000000008002ea4       0x88 ./Drivers/STM32F4xx_HAL_Driver/Src/stm32f4xx_hal_tim.o
                0x0000000008002ea4                HAL_TIM_ReadCapturedValue
 .text.HAL_TIM_OC_DelayElapsedCallback
                0x0000000008002f2c       0x14 ./Drivers/STM32F4xx_HAL_Driver/Src/stm32f4xx_hal_tim.o
                0x0000000008002f2c                HAL_TIM_OC_DelayElapsedCallback
 .text.HAL_TIM_PWM_PulseFinishedCallback
                0x0000000008002f40       0x14 ./Drivers/STM32F4xx_HAL_Driver/Src/stm32f4xx_hal_tim.o
                0x0000000008002f40                HAL_TIM_PWM_PulseFinishedCallback
 .text.HAL_TIM_TriggerCallback
                0x0000000008002f54       0x14 ./Drivers/STM32F4xx_HAL_Driver/Src/stm32f4xx_hal_tim.o
                0x0000000008002f54                HAL_TIM_TriggerCallback
 .text.TIM_Base_SetConfig
                0x0000000008002f68      0x100 ./Drivers/STM32F4xx_HAL_Driver/Src/stm32f4xx_hal_tim.o
                0x0000000008002f68                TIM_Base_SetConfig
 .text.TIM_OC1_SetConfig
                0x0000000008003068       0xcc ./Drivers/STM32F4xx_HAL_Driver/Src/stm32f4xx_hal_tim.o
 .text.TIM_OC2_SetConfig
                0x0000000008003134       0xd8 ./Drivers/STM32F4xx_HAL_Driver/Src/stm32f4xx_hal_tim.o
                0x0000000008003134                TIM_OC2_SetConfig
 .text.TIM_OC3_SetConfig
                0x000000000800320c       0xd4 ./Drivers/STM32F4xx_HAL_Driver/Src/stm32f4xx_hal_tim.o
 .text.TIM_OC4_SetConfig
                0x00000000080032e0       0xa0 ./Drivers/STM32F4xx_HAL_Driver/Src/stm32f4xx_hal_tim.o
 .text.TIM_TI1_SetConfig
                0x0000000008003380       0xd0 ./Drivers/STM32F4xx_HAL_Driver/Src/stm32f4xx_hal_tim.o
                0x0000000008003380                TIM_TI1_SetConfig
 .text.TIM_TI1_ConfigInputStage
                0x0000000008003450       0x5e ./Drivers/STM32F4xx_HAL_Driver/Src/stm32f4xx_hal_tim.o
 .text.TIM_TI2_SetConfig
                0x00000000080034ae       0x7a ./Drivers/STM32F4xx_HAL_Driver/Src/stm32f4xx_hal_tim.o
 .text.TIM_TI2_ConfigInputStage
                0x0000000008003528       0x60 ./Drivers/STM32F4xx_HAL_Driver/Src/stm32f4xx_hal_tim.o
 .text.TIM_TI3_SetConfig
                0x0000000008003588       0x78 ./Drivers/STM32F4xx_HAL_Driver/Src/stm32f4xx_hal_tim.o
 .text.TIM_TI4_SetConfig
                0x0000000008003600       0x7a ./Drivers/STM32F4xx_HAL_Driver/Src/stm32f4xx_hal_tim.o
 .text.TIM_ITRx_SetConfig
                0x000000000800367a       0x36 ./Drivers/STM32F4xx_HAL_Driver/Src/stm32f4xx_hal_tim.o
 .text.TIM_ETR_SetConfig
                0x00000000080036b0       0x40 ./Drivers/STM32F4xx_HAL_Driver/Src/stm32f4xx_hal_tim.o
                0x00000000080036b0                TIM_ETR_SetConfig
 .text.TIM_CCxChannelCmd
                0x00000000080036f0       0x4a ./Drivers/STM32F4xx_HAL_Driver/Src/stm32f4xx_hal_tim.o
                0x00000000080036f0                TIM_CCxChannelCmd
 *fill*         0x000000000800373a        0x2 
 .text.HAL_TIMEx_MasterConfigSynchronization
                0x000000000800373c       0xdc ./Drivers/STM32F4xx_HAL_Driver/Src/stm32f4xx_hal_tim_ex.o
                0x000000000800373c                HAL_TIMEx_MasterConfigSynchronization
 .text.HAL_TIMEx_CommutCallback
                0x0000000008003818       0x14 ./Drivers/STM32F4xx_HAL_Driver/Src/stm32f4xx_hal_tim_ex.o
                0x0000000008003818                HAL_TIMEx_CommutCallback
 .text.HAL_TIMEx_BreakCallback
                0x000000000800382c       0x14 ./Drivers/STM32F4xx_HAL_Driver/Src/stm32f4xx_hal_tim_ex.o
                0x000000000800382c                HAL_TIMEx_BreakCallback
 .text.HAL_UART_Init
                0x0000000008003840       0x9a ./Drivers/STM32F4xx_HAL_Driver/Src/stm32f4xx_hal_uart.o
                0x0000000008003840                HAL_UART_Init
 .text.HAL_UART_Transmit
                0x00000000080038da      0x124 ./Drivers/STM32F4xx_HAL_Driver/Src/stm32f4xx_hal_uart.o
                0x00000000080038da                HAL_UART_Transmit
 .text.UART_WaitOnFlagUntilTimeout
                0x00000000080039fe       0xdc ./Drivers/STM32F4xx_HAL_Driver/Src/stm32f4xx_hal_uart.o
 *fill*         0x0000000008003ada        0x2 
 .text.UART_SetConfig
                0x0000000008003adc      0x4e8 ./Drivers/STM32F4xx_HAL_Driver/Src/stm32f4xx_hal_uart.o
 .text.makeFreeRtosPriority
                0x0000000008003fc4       0x30 ./Middlewares/Third_Party/FreeRTOS/Source/CMSIS_RTOS/cmsis_os.o
 .text.osKernelStart
                0x0000000008003ff4        0xe ./Middlewares/Third_Party/FreeRTOS/Source/CMSIS_RTOS/cmsis_os.o
                0x0000000008003ff4                osKernelStart
 .text.osThreadCreate
                0x0000000008004002       0x98 ./Middlewares/Third_Party/FreeRTOS/Source/CMSIS_RTOS/cmsis_os.o
                0x0000000008004002                osThreadCreate
 .text.vListInitialise
                0x000000000800409a       0x40 ./Middlewares/Third_Party/FreeRTOS/Source/list.o
                0x000000000800409a                vListInitialise
 .text.vListInitialiseItem
                0x00000000080040da       0x1a ./Middlewares/Third_Party/FreeRTOS/Source/list.o
                0x00000000080040da                vListInitialiseItem
 .text.vListInsertEnd
                0x00000000080040f4       0x48 ./Middlewares/Third_Party/FreeRTOS/Source/list.o
                0x00000000080040f4                vListInsertEnd
 .text.vListInsert
                0x000000000800413c       0x72 ./Middlewares/Third_Party/FreeRTOS/Source/list.o
                0x000000000800413c                vListInsert
 .text.uxListRemove
                0x00000000080041ae       0x54 ./Middlewares/Third_Party/FreeRTOS/Source/list.o
                0x00000000080041ae                uxListRemove
 *fill*         0x0000000008004202        0x2 
 .text.xQueueGenericReset
                0x0000000008004204       0xd0 ./Middlewares/Third_Party/FreeRTOS/Source/queue.o
                0x0000000008004204                xQueueGenericReset
 .text.xQueueGenericCreate
                0x00000000080042d4       0x74 ./Middlewares/Third_Party/FreeRTOS/Source/queue.o
                0x00000000080042d4                xQueueGenericCreate
 .text.prvInitialiseNewQueue
                0x0000000008004348       0x3e ./Middlewares/Third_Party/FreeRTOS/Source/queue.o
 *fill*         0x0000000008004386        0x2 
 .text.xQueueGenericSend
                0x0000000008004388      0x1fc ./Middlewares/Third_Party/FreeRTOS/Source/queue.o
                0x0000000008004388                xQueueGenericSend
 .text.xQueueGiveFromISR
                0x0000000008004584      0x11a ./Middlewares/Third_Party/FreeRTOS/Source/queue.o
                0x0000000008004584                xQueueGiveFromISR
 *fill*         0x000000000800469e        0x2 
 .text.xQueueSemaphoreTake
                0x00000000080046a0      0x218 ./Middlewares/Third_Party/FreeRTOS/Source/queue.o
                0x00000000080046a0                xQueueSemaphoreTake
 .text.prvGetDisinheritPriorityAfterTimeout
                0x00000000080048b8       0x30 ./Middlewares/Third_Party/FreeRTOS/Source/queue.o
 .text.prvCopyDataToQueue
                0x00000000080048e8       0xd4 ./Middlewares/Third_Party/FreeRTOS/Source/queue.o
 .text.prvUnlockQueue
                0x00000000080049bc       0xa4 ./Middlewares/Third_Party/FreeRTOS/Source/queue.o
 .text.prvIsQueueEmpty
                0x0000000008004a60       0x2c ./Middlewares/Third_Party/FreeRTOS/Source/queue.o
 .text.prvIsQueueFull
                0x0000000008004a8c       0x30 ./Middlewares/Third_Party/FreeRTOS/Source/queue.o
 .text.xTaskCreateStatic
                0x0000000008004abc       0xba ./Middlewares/Third_Party/FreeRTOS/Source/tasks.o
                0x0000000008004abc                xTaskCreateStatic
 .text.xTaskCreate
                0x0000000008004b76       0x8a ./Middlewares/Third_Party/FreeRTOS/Source/tasks.o
                0x0000000008004b76                xTaskCreate
 .text.prvInitialiseNewTask
                0x0000000008004c00      0x13c ./Middlewares/Third_Party/FreeRTOS/Source/tasks.o
 .text.prvAddNewTaskToReadyList
                0x0000000008004d3c       0xd4 ./Middlewares/Third_Party/FreeRTOS/Source/tasks.o
 .text.vTaskDelay
                0x0000000008004e10       0x68 ./Middlewares/Third_Party/FreeRTOS/Source/tasks.o
                0x0000000008004e10                vTaskDelay
 .text.vTaskStartScheduler
                0x0000000008004e78       0xd4 ./Middlewares/Third_Party/FreeRTOS/Source/tasks.o
                0x0000000008004e78                vTaskStartScheduler
 .text.vTaskSuspendAll
                0x0000000008004f4c       0x1c ./Middlewares/Third_Party/FreeRTOS/Source/tasks.o
                0x0000000008004f4c                vTaskSuspendAll
 .text.xTaskResumeAll
                0x0000000008004f68      0x138 ./Middlewares/Third_Party/FreeRTOS/Source/tasks.o
                0x0000000008004f68                xTaskResumeAll
 .text.xTaskIncrementTick
                0x00000000080050a0      0x170 ./Middlewares/Third_Party/FreeRTOS/Source/tasks.o
                0x00000000080050a0                xTaskIncrementTick
 .text.vTaskSwitchContext
                0x0000000008005210       0xc4 ./Middlewares/Third_Party/FreeRTOS/Source/tasks.o
                0x0000000008005210                vTaskSwitchContext
 .text.vTaskPlaceOnEventList
                0x00000000080052d4       0x48 ./Middlewares/Third_Party/FreeRTOS/Source/tasks.o
                0x00000000080052d4                vTaskPlaceOnEventList
 .text.xTaskRemoveFromEventList
                0x000000000800531c       0xc4 ./Middlewares/Third_Party/FreeRTOS/Source/tasks.o
                0x000000000800531c                xTaskRemoveFromEventList
 .text.vTaskInternalSetTimeOutState
                0x00000000080053e0       0x2c ./Middlewares/Third_Party/FreeRTOS/Source/tasks.o
                0x00000000080053e0                vTaskInternalSetTimeOutState
 .text.xTaskCheckForTimeOut
                0x000000000800540c       0xc4 ./Middlewares/Third_Party/FreeRTOS/Source/tasks.o
                0x000000000800540c                xTaskCheckForTimeOut
 .text.vTaskMissedYield
                0x00000000080054d0       0x18 ./Middlewares/Third_Party/FreeRTOS/Source/tasks.o
                0x00000000080054d0                vTaskMissedYield
 .text.prvIdleTask
                0x00000000080054e8       0x34 ./Middlewares/Third_Party/FreeRTOS/Source/tasks.o
 .text.prvInitialiseTaskLists
                0x000000000800551c       0x80 ./Middlewares/Third_Party/FreeRTOS/Source/tasks.o
 .text.prvCheckTasksWaitingTermination
                0x000000000800559c       0x5c ./Middlewares/Third_Party/FreeRTOS/Source/tasks.o
 .text.prvDeleteTCB
                0x00000000080055f8       0x68 ./Middlewares/Third_Party/FreeRTOS/Source/tasks.o
 .text.prvResetNextTaskUnblockTime
                0x0000000008005660       0x40 ./Middlewares/Third_Party/FreeRTOS/Source/tasks.o
 .text.xTaskGetSchedulerState
                0x00000000080056a0       0x3c ./Middlewares/Third_Party/FreeRTOS/Source/tasks.o
                0x00000000080056a0                xTaskGetSchedulerState
 .text.xTaskPriorityInherit
                0x00000000080056dc       0xec ./Middlewares/Third_Party/FreeRTOS/Source/tasks.o
                0x00000000080056dc                xTaskPriorityInherit
 .text.xTaskPriorityDisinherit
                0x00000000080057c8      0x10c ./Middlewares/Third_Party/FreeRTOS/Source/tasks.o
                0x00000000080057c8                xTaskPriorityDisinherit
 .text.vTaskPriorityDisinheritAfterTimeout
                0x00000000080058d4      0x11c ./Middlewares/Third_Party/FreeRTOS/Source/tasks.o
                0x00000000080058d4                vTaskPriorityDisinheritAfterTimeout
 .text.pvTaskIncrementMutexHeldCount
                0x00000000080059f0       0x28 ./Middlewares/Third_Party/FreeRTOS/Source/tasks.o
                0x00000000080059f0                pvTaskIncrementMutexHeldCount
 .text.prvAddCurrentTaskToDelayedList
                0x0000000008005a18       0xcc ./Middlewares/Third_Party/FreeRTOS/Source/tasks.o
 .text.pxPortInitialiseStack
                0x0000000008005ae4       0x68 ./Middlewares/Third_Party/FreeRTOS/Source/portable/GCC/ARM_CM4F/port.o
                0x0000000008005ae4                pxPortInitialiseStack
 .text.prvTaskExitError
                0x0000000008005b4c       0x58 ./Middlewares/Third_Party/FreeRTOS/Source/portable/GCC/ARM_CM4F/port.o
 *fill*         0x0000000008005ba4        0xc 
 .text.SVC_Handler
                0x0000000008005bb0       0x28 ./Middlewares/Third_Party/FreeRTOS/Source/portable/GCC/ARM_CM4F/port.o
                0x0000000008005bb0                SVC_Handler
 .text.prvPortStartFirstTask
                0x0000000008005bd8       0x28 ./Middlewares/Third_Party/FreeRTOS/Source/portable/GCC/ARM_CM4F/port.o
 .text.xPortStartScheduler
                0x0000000008005c00      0x144 ./Middlewares/Third_Party/FreeRTOS/Source/portable/GCC/ARM_CM4F/port.o
                0x0000000008005c00                xPortStartScheduler
 .text.vPortEnterCritical
                0x0000000008005d44       0x60 ./Middlewares/Third_Party/FreeRTOS/Source/portable/GCC/ARM_CM4F/port.o
                0x0000000008005d44                vPortEnterCritical
 .text.vPortExitCritical
                0x0000000008005da4       0x54 ./Middlewares/Third_Party/FreeRTOS/Source/portable/GCC/ARM_CM4F/port.o
                0x0000000008005da4                vPortExitCritical
 *fill*         0x0000000008005df8        0x8 
 .text.PendSV_Handler
                0x0000000008005e00       0x68 ./Middlewares/Third_Party/FreeRTOS/Source/portable/GCC/ARM_CM4F/port.o
                0x0000000008005e00                PendSV_Handler
 .text.SysTick_Handler
                0x0000000008005e68       0x44 ./Middlewares/Third_Party/FreeRTOS/Source/portable/GCC/ARM_CM4F/port.o
                0x0000000008005e68                SysTick_Handler
 .text.vPortSetupTimerInterrupt
                0x0000000008005eac       0x48 ./Middlewares/Third_Party/FreeRTOS/Source/portable/GCC/ARM_CM4F/port.o
                0x0000000008005eac                vPortSetupTimerInterrupt
 .text.vPortEnableVFP
                0x0000000008005ef4       0x14 ./Middlewares/Third_Party/FreeRTOS/Source/portable/GCC/ARM_CM4F/port.o
 .text.vPortValidateInterruptPriority
                0x0000000008005f08       0x80 ./Middlewares/Third_Party/FreeRTOS/Source/portable/GCC/ARM_CM4F/port.o
                0x0000000008005f08                vPortValidateInterruptPriority
 .text.pvPortMalloc
                0x0000000008005f88      0x198 ./Middlewares/Third_Party/FreeRTOS/Source/portable/MemMang/heap_4.o
                0x0000000008005f88                pvPortMalloc
 .text.vPortFree
                0x0000000008006120       0xc4 ./Middlewares/Third_Party/FreeRTOS/Source/portable/MemMang/heap_4.o
                0x0000000008006120                vPortFree
 .text.prvHeapInit
                0x00000000080061e4       0xc4 ./Middlewares/Third_Party/FreeRTOS/Source/portable/MemMang/heap_4.o
 .text.prvInsertBlockIntoFreeList
                0x00000000080062a8       0xb4 ./Middlewares/Third_Party/FreeRTOS/Source/portable/MemMang/heap_4.o
 .text.__errno  0x000000000800635c        0xc d:/archivos de programa (hdd)/stm32cubeide_1.6.0/stm32cubeide/plugins/com.st.stm32cube.ide.mcu.externaltools.gnu-tools-for-stm32.10.3-2021.10.win32_1.0.0.202111181127/tools/bin/../lib/gcc/arm-none-eabi/10.3.1/../../../../arm-none-eabi/lib/thumb/v7e-m+fp/hard\libc_nano.a(lib_a-errno.o)
                0x000000000800635c                __errno
 .text.__libc_init_array
                0x0000000008006368       0x48 d:/archivos de programa (hdd)/stm32cubeide_1.6.0/stm32cubeide/plugins/com.st.stm32cube.ide.mcu.externaltools.gnu-tools-for-stm32.10.3-2021.10.win32_1.0.0.202111181127/tools/bin/../lib/gcc/arm-none-eabi/10.3.1/../../../../arm-none-eabi/lib/thumb/v7e-m+fp/hard\libc_nano.a(lib_a-init.o)
                0x0000000008006368                __libc_init_array
 .text.__retarget_lock_acquire_recursive
                0x00000000080063b0        0x2 d:/archivos de programa (hdd)/stm32cubeide_1.6.0/stm32cubeide/plugins/com.st.stm32cube.ide.mcu.externaltools.gnu-tools-for-stm32.10.3-2021.10.win32_1.0.0.202111181127/tools/bin/../lib/gcc/arm-none-eabi/10.3.1/../../../../arm-none-eabi/lib/thumb/v7e-m+fp/hard\libc_nano.a(lib_a-lock.o)
                0x00000000080063b0                __retarget_lock_acquire_recursive
 .text.__retarget_lock_release_recursive
                0x00000000080063b2        0x2 d:/archivos de programa (hdd)/stm32cubeide_1.6.0/stm32cubeide/plugins/com.st.stm32cube.ide.mcu.externaltools.gnu-tools-for-stm32.10.3-2021.10.win32_1.0.0.202111181127/tools/bin/../lib/gcc/arm-none-eabi/10.3.1/../../../../arm-none-eabi/lib/thumb/v7e-m+fp/hard\libc_nano.a(lib_a-lock.o)
                0x00000000080063b2                __retarget_lock_release_recursive
 .text.memcpy   0x00000000080063b4       0x1c d:/archivos de programa (hdd)/stm32cubeide_1.6.0/stm32cubeide/plugins/com.st.stm32cube.ide.mcu.externaltools.gnu-tools-for-stm32.10.3-2021.10.win32_1.0.0.202111181127/tools/bin/../lib/gcc/arm-none-eabi/10.3.1/../../../../arm-none-eabi/lib/thumb/v7e-m+fp/hard\libc_nano.a(lib_a-memcpy-stub.o)
                0x00000000080063b4                memcpy
 .text.memset   0x00000000080063d0       0x10 d:/archivos de programa (hdd)/stm32cubeide_1.6.0/stm32cubeide/plugins/com.st.stm32cube.ide.mcu.externaltools.gnu-tools-for-stm32.10.3-2021.10.win32_1.0.0.202111181127/tools/bin/../lib/gcc/arm-none-eabi/10.3.1/../../../../arm-none-eabi/lib/thumb/v7e-m+fp/hard\libc_nano.a(lib_a-memset.o)
                0x00000000080063d0                memset
 .text.sbrk_aligned
                0x00000000080063e0       0x40 d:/archivos de programa (hdd)/stm32cubeide_1.6.0/stm32cubeide/plugins/com.st.stm32cube.ide.mcu.externaltools.gnu-tools-for-stm32.10.3-2021.10.win32_1.0.0.202111181127/tools/bin/../lib/gcc/arm-none-eabi/10.3.1/../../../../arm-none-eabi/lib/thumb/v7e-m+fp/hard\libc_nano.a(lib_a-nano-mallocr.o)
 .text._malloc_r
                0x0000000008006420       0xe8 d:/archivos de programa (hdd)/stm32cubeide_1.6.0/stm32cubeide/plugins/com.st.stm32cube.ide.mcu.externaltools.gnu-tools-for-stm32.10.3-2021.10.win32_1.0.0.202111181127/tools/bin/../lib/gcc/arm-none-eabi/10.3.1/../../../../arm-none-eabi/lib/thumb/v7e-m+fp/hard\libc_nano.a(lib_a-nano-mallocr.o)
                0x0000000008006420                _malloc_r
 .text.cleanup_glue
                0x0000000008006508       0x1a d:/archivos de programa (hdd)/stm32cubeide_1.6.0/stm32cubeide/plugins/com.st.stm32cube.ide.mcu.externaltools.gnu-tools-for-stm32.10.3-2021.10.win32_1.0.0.202111181127/tools/bin/../lib/gcc/arm-none-eabi/10.3.1/../../../../arm-none-eabi/lib/thumb/v7e-m+fp/hard\libc_nano.a(lib_a-reent.o)
                0x0000000008006508                cleanup_glue
 *fill*         0x0000000008006522        0x2 
 .text._reclaim_reent
                0x0000000008006524       0xb8 d:/archivos de programa (hdd)/stm32cubeide_1.6.0/stm32cubeide/plugins/com.st.stm32cube.ide.mcu.externaltools.gnu-tools-for-stm32.10.3-2021.10.win32_1.0.0.202111181127/tools/bin/../lib/gcc/arm-none-eabi/10.3.1/../../../../arm-none-eabi/lib/thumb/v7e-m+fp/hard\libc_nano.a(lib_a-reent.o)
                0x0000000008006524                _reclaim_reent
 .text._sbrk_r  0x00000000080065dc       0x20 d:/archivos de programa (hdd)/stm32cubeide_1.6.0/stm32cubeide/plugins/com.st.stm32cube.ide.mcu.externaltools.gnu-tools-for-stm32.10.3-2021.10.win32_1.0.0.202111181127/tools/bin/../lib/gcc/arm-none-eabi/10.3.1/../../../../arm-none-eabi/lib/thumb/v7e-m+fp/hard\libc_nano.a(lib_a-sbrkr.o)
                0x00000000080065dc                _sbrk_r
 .text.sprintf  0x00000000080065fc       0x40 d:/archivos de programa (hdd)/stm32cubeide_1.6.0/stm32cubeide/plugins/com.st.stm32cube.ide.mcu.externaltools.gnu-tools-for-stm32.10.3-2021.10.win32_1.0.0.202111181127/tools/bin/../lib/gcc/arm-none-eabi/10.3.1/../../../../arm-none-eabi/lib/thumb/v7e-m+fp/hard\libc_nano.a(lib_a-sprintf.o)
                0x00000000080065fc                siprintf
                0x00000000080065fc                sprintf
 .text.__malloc_lock
                0x000000000800663c        0xc d:/archivos de programa (hdd)/stm32cubeide_1.6.0/stm32cubeide/plugins/com.st.stm32cube.ide.mcu.externaltools.gnu-tools-for-stm32.10.3-2021.10.win32_1.0.0.202111181127/tools/bin/../lib/gcc/arm-none-eabi/10.3.1/../../../../arm-none-eabi/lib/thumb/v7e-m+fp/hard\libc_nano.a(lib_a-mlock.o)
                0x000000000800663c                __malloc_lock
 .text.__malloc_unlock
                0x0000000008006648        0xc d:/archivos de programa (hdd)/stm32cubeide_1.6.0/stm32cubeide/plugins/com.st.stm32cube.ide.mcu.externaltools.gnu-tools-for-stm32.10.3-2021.10.win32_1.0.0.202111181127/tools/bin/../lib/gcc/arm-none-eabi/10.3.1/../../../../arm-none-eabi/lib/thumb/v7e-m+fp/hard\libc_nano.a(lib_a-mlock.o)
                0x0000000008006648                __malloc_unlock
 .text._free_r  0x0000000008006654       0x98 d:/archivos de programa (hdd)/stm32cubeide_1.6.0/stm32cubeide/plugins/com.st.stm32cube.ide.mcu.externaltools.gnu-tools-for-stm32.10.3-2021.10.win32_1.0.0.202111181127/tools/bin/../lib/gcc/arm-none-eabi/10.3.1/../../../../arm-none-eabi/lib/thumb/v7e-m+fp/hard\libc_nano.a(lib_a-nano-freer.o)
                0x0000000008006654                _free_r
 .text.__ssputs_r
                0x00000000080066ec       0xb6 d:/archivos de programa (hdd)/stm32cubeide_1.6.0/stm32cubeide/plugins/com.st.stm32cube.ide.mcu.externaltools.gnu-tools-for-stm32.10.3-2021.10.win32_1.0.0.202111181127/tools/bin/../lib/gcc/arm-none-eabi/10.3.1/../../../../arm-none-eabi/lib/thumb/v7e-m+fp/hard\libc_nano.a(lib_a-nano-svfprintf.o)
                0x00000000080066ec                __ssputs_r
 *fill*         0x00000000080067a2        0x2 
 .text._svfprintf_r
                0x00000000080067a4      0x200 d:/archivos de programa (hdd)/stm32cubeide_1.6.0/stm32cubeide/plugins/com.st.stm32cube.ide.mcu.externaltools.gnu-tools-for-stm32.10.3-2021.10.win32_1.0.0.202111181127/tools/bin/../lib/gcc/arm-none-eabi/10.3.1/../../../../arm-none-eabi/lib/thumb/v7e-m+fp/hard\libc_nano.a(lib_a-nano-svfprintf.o)
                0x00000000080067a4                _svfiprintf_r
                0x00000000080067a4                _svfprintf_r
 .text._printf_common
                0x00000000080069a4       0xda d:/archivos de programa (hdd)/stm32cubeide_1.6.0/stm32cubeide/plugins/com.st.stm32cube.ide.mcu.externaltools.gnu-tools-for-stm32.10.3-2021.10.win32_1.0.0.202111181127/tools/bin/../lib/gcc/arm-none-eabi/10.3.1/../../../../arm-none-eabi/lib/thumb/v7e-m+fp/hard\libc_nano.a(lib_a-nano-vfprintf_i.o)
                0x00000000080069a4                _printf_common
 *fill*         0x0000000008006a7e        0x2 
 .text._printf_i
                0x0000000008006a80      0x24c d:/archivos de programa (hdd)/stm32cubeide_1.6.0/stm32cubeide/plugins/com.st.stm32cube.ide.mcu.externaltools.gnu-tools-for-stm32.10.3-2021.10.win32_1.0.0.202111181127/tools/bin/../lib/gcc/arm-none-eabi/10.3.1/../../../../arm-none-eabi/lib/thumb/v7e-m+fp/hard\libc_nano.a(lib_a-nano-vfprintf_i.o)
                0x0000000008006a80                _printf_i
 .text.memmove  0x0000000008006ccc       0x34 d:/archivos de programa (hdd)/stm32cubeide_1.6.0/stm32cubeide/plugins/com.st.stm32cube.ide.mcu.externaltools.gnu-tools-for-stm32.10.3-2021.10.win32_1.0.0.202111181127/tools/bin/../lib/gcc/arm-none-eabi/10.3.1/../../../../arm-none-eabi/lib/thumb/v7e-m+fp/hard\libc_nano.a(lib_a-memmove.o)
                0x0000000008006ccc                memmove
 .text._realloc_r
                0x0000000008006d00       0x5e d:/archivos de programa (hdd)/stm32cubeide_1.6.0/stm32cubeide/plugins/com.st.stm32cube.ide.mcu.externaltools.gnu-tools-for-stm32.10.3-2021.10.win32_1.0.0.202111181127/tools/bin/../lib/gcc/arm-none-eabi/10.3.1/../../../../arm-none-eabi/lib/thumb/v7e-m+fp/hard\libc_nano.a(lib_a-nano-reallocr.o)
                0x0000000008006d00                _realloc_r
 .text._malloc_usable_size_r
                0x0000000008006d5e       0x10 d:/archivos de programa (hdd)/stm32cubeide_1.6.0/stm32cubeide/plugins/com.st.stm32cube.ide.mcu.externaltools.gnu-tools-for-stm32.10.3-2021.10.win32_1.0.0.202111181127/tools/bin/../lib/gcc/arm-none-eabi/10.3.1/../../../../arm-none-eabi/lib/thumb/v7e-m+fp/hard\libc_nano.a(lib_a-nano-msizer.o)
                0x0000000008006d5e                _malloc_usable_size_r
 *(.glue_7)
 .glue_7        0x0000000008006d6e        0x0 linker stubs
 *(.glue_7t)
 .glue_7t       0x0000000008006d6e        0x0 linker stubs
 *(.eh_frame)
 *fill*         0x0000000008006d6e        0x2 
 .eh_frame      0x0000000008006d70        0x0 d:/archivos de programa (hdd)/stm32cubeide_1.6.0/stm32cubeide/plugins/com.st.stm32cube.ide.mcu.externaltools.gnu-tools-for-stm32.10.3-2021.10.win32_1.0.0.202111181127/tools/bin/../lib/gcc/arm-none-eabi/10.3.1/thumb/v7e-m+fp/hard/crtbegin.o
 *(.init)
 .init          0x0000000008006d70        0x4 d:/archivos de programa (hdd)/stm32cubeide_1.6.0/stm32cubeide/plugins/com.st.stm32cube.ide.mcu.externaltools.gnu-tools-for-stm32.10.3-2021.10.win32_1.0.0.202111181127/tools/bin/../lib/gcc/arm-none-eabi/10.3.1/thumb/v7e-m+fp/hard/crti.o
                0x0000000008006d70                _init
 .init          0x0000000008006d74        0x8 d:/archivos de programa (hdd)/stm32cubeide_1.6.0/stm32cubeide/plugins/com.st.stm32cube.ide.mcu.externaltools.gnu-tools-for-stm32.10.3-2021.10.win32_1.0.0.202111181127/tools/bin/../lib/gcc/arm-none-eabi/10.3.1/thumb/v7e-m+fp/hard/crtn.o
 *(.fini)
 .fini          0x0000000008006d7c        0x4 d:/archivos de programa (hdd)/stm32cubeide_1.6.0/stm32cubeide/plugins/com.st.stm32cube.ide.mcu.externaltools.gnu-tools-for-stm32.10.3-2021.10.win32_1.0.0.202111181127/tools/bin/../lib/gcc/arm-none-eabi/10.3.1/thumb/v7e-m+fp/hard/crti.o
                0x0000000008006d7c                _fini
 .fini          0x0000000008006d80        0x8 d:/archivos de programa (hdd)/stm32cubeide_1.6.0/stm32cubeide/plugins/com.st.stm32cube.ide.mcu.externaltools.gnu-tools-for-stm32.10.3-2021.10.win32_1.0.0.202111181127/tools/bin/../lib/gcc/arm-none-eabi/10.3.1/thumb/v7e-m+fp/hard/crtn.o
                0x0000000008006d88                . = ALIGN (0x4)
                0x0000000008006d88                _etext = .

.vfp11_veneer   0x0000000008006d88        0x0
 .vfp11_veneer  0x0000000008006d88        0x0 linker stubs

.v4_bx          0x0000000008006d88        0x0
 .v4_bx         0x0000000008006d88        0x0 linker stubs

.iplt           0x0000000008006d88        0x0
 .iplt          0x0000000008006d88        0x0 d:/archivos de programa (hdd)/stm32cubeide_1.6.0/stm32cubeide/plugins/com.st.stm32cube.ide.mcu.externaltools.gnu-tools-for-stm32.10.3-2021.10.win32_1.0.0.202111181127/tools/bin/../lib/gcc/arm-none-eabi/10.3.1/thumb/v7e-m+fp/hard/crtbegin.o

.rodata         0x0000000008006d88      0x108
                0x0000000008006d88                . = ALIGN (0x4)
 *(.rodata)
 .rodata        0x0000000008006d88       0x52 ./Core/Src/main.o
 *fill*         0x0000000008006dda        0x2 
 .rodata        0x0000000008006ddc        0x5 ./Middlewares/Third_Party/FreeRTOS/Source/tasks.o
 *(.rodata*)
 *fill*         0x0000000008006de1        0x3 
 .rodata.AHBPrescTable
                0x0000000008006de4       0x10 ./Core/Src/system_stm32f4xx.o
                0x0000000008006de4                AHBPrescTable
 .rodata.APBPrescTable
                0x0000000008006df4        0x8 ./Core/Src/system_stm32f4xx.o
                0x0000000008006df4                APBPrescTable
 .rodata.__sf_fake_stderr
                0x0000000008006dfc       0x20 d:/archivos de programa (hdd)/stm32cubeide_1.6.0/stm32cubeide/plugins/com.st.stm32cube.ide.mcu.externaltools.gnu-tools-for-stm32.10.3-2021.10.win32_1.0.0.202111181127/tools/bin/../lib/gcc/arm-none-eabi/10.3.1/../../../../arm-none-eabi/lib/thumb/v7e-m+fp/hard\libc_nano.a(lib_a-findfp.o)
                0x0000000008006dfc                __sf_fake_stderr
 .rodata.__sf_fake_stdin
                0x0000000008006e1c       0x20 d:/archivos de programa (hdd)/stm32cubeide_1.6.0/stm32cubeide/plugins/com.st.stm32cube.ide.mcu.externaltools.gnu-tools-for-stm32.10.3-2021.10.win32_1.0.0.202111181127/tools/bin/../lib/gcc/arm-none-eabi/10.3.1/../../../../arm-none-eabi/lib/thumb/v7e-m+fp/hard\libc_nano.a(lib_a-findfp.o)
                0x0000000008006e1c                __sf_fake_stdin
 .rodata.__sf_fake_stdout
                0x0000000008006e3c       0x20 d:/archivos de programa (hdd)/stm32cubeide_1.6.0/stm32cubeide/plugins/com.st.stm32cube.ide.mcu.externaltools.gnu-tools-for-stm32.10.3-2021.10.win32_1.0.0.202111181127/tools/bin/../lib/gcc/arm-none-eabi/10.3.1/../../../../arm-none-eabi/lib/thumb/v7e-m+fp/hard\libc_nano.a(lib_a-findfp.o)
                0x0000000008006e3c                __sf_fake_stdout
 .rodata._svfprintf_r.str1.1
                0x0000000008006e5c       0x11 d:/archivos de programa (hdd)/stm32cubeide_1.6.0/stm32cubeide/plugins/com.st.stm32cube.ide.mcu.externaltools.gnu-tools-for-stm32.10.3-2021.10.win32_1.0.0.202111181127/tools/bin/../lib/gcc/arm-none-eabi/10.3.1/../../../../arm-none-eabi/lib/thumb/v7e-m+fp/hard\libc_nano.a(lib_a-nano-svfprintf.o)
 .rodata._printf_i.str1.1
                0x0000000008006e6d       0x22 d:/archivos de programa (hdd)/stm32cubeide_1.6.0/stm32cubeide/plugins/com.st.stm32cube.ide.mcu.externaltools.gnu-tools-for-stm32.10.3-2021.10.win32_1.0.0.202111181127/tools/bin/../lib/gcc/arm-none-eabi/10.3.1/../../../../arm-none-eabi/lib/thumb/v7e-m+fp/hard\libc_nano.a(lib_a-nano-vfprintf_i.o)
                0x0000000008006e90                . = ALIGN (0x4)
 *fill*         0x0000000008006e8f        0x1 

.ARM.extab      0x0000000008006e90        0x0
                0x0000000008006e90                . = ALIGN (0x4)
 *(.ARM.extab* .gnu.linkonce.armextab.*)
                0x0000000008006e90                . = ALIGN (0x4)

.ARM            0x0000000008006e90        0x8
                0x0000000008006e90                . = ALIGN (0x4)
                0x0000000008006e90                __exidx_start = .
 *(.ARM.exidx*)
 .ARM.exidx     0x0000000008006e90        0x8 d:/archivos de programa (hdd)/stm32cubeide_1.6.0/stm32cubeide/plugins/com.st.stm32cube.ide.mcu.externaltools.gnu-tools-for-stm32.10.3-2021.10.win32_1.0.0.202111181127/tools/bin/../lib/gcc/arm-none-eabi/10.3.1/thumb/v7e-m+fp/hard\libgcc.a(_udivmoddi4.o)
                0x0000000008006e98                __exidx_end = .
                0x0000000008006e98                . = ALIGN (0x4)

.rel.dyn        0x0000000008006e98        0x0
 .rel.iplt      0x0000000008006e98        0x0 d:/archivos de programa (hdd)/stm32cubeide_1.6.0/stm32cubeide/plugins/com.st.stm32cube.ide.mcu.externaltools.gnu-tools-for-stm32.10.3-2021.10.win32_1.0.0.202111181127/tools/bin/../lib/gcc/arm-none-eabi/10.3.1/thumb/v7e-m+fp/hard/crtbegin.o

.preinit_array  0x0000000008006e98        0x0
                0x0000000008006e98                . = ALIGN (0x4)
                0x0000000008006e98                PROVIDE (__preinit_array_start = .)
 *(.preinit_array*)
                0x0000000008006e98                PROVIDE (__preinit_array_end = .)
                0x0000000008006e98                . = ALIGN (0x4)

.init_array     0x0000000008006e98        0x4
                0x0000000008006e98                . = ALIGN (0x4)
                0x0000000008006e98                PROVIDE (__init_array_start = .)
 *(SORT_BY_NAME(.init_array.*))
 *(.init_array*)
 .init_array    0x0000000008006e98        0x4 d:/archivos de programa (hdd)/stm32cubeide_1.6.0/stm32cubeide/plugins/com.st.stm32cube.ide.mcu.externaltools.gnu-tools-for-stm32.10.3-2021.10.win32_1.0.0.202111181127/tools/bin/../lib/gcc/arm-none-eabi/10.3.1/thumb/v7e-m+fp/hard/crtbegin.o
                0x0000000008006e9c                PROVIDE (__init_array_end = .)
                0x0000000008006e9c                . = ALIGN (0x4)

.fini_array     0x0000000008006e9c        0x4
                0x0000000008006e9c                . = ALIGN (0x4)
                [!provide]                        PROVIDE (__fini_array_start = .)
 *(SORT_BY_NAME(.fini_array.*))
 *(.fini_array*)
 .fini_array    0x0000000008006e9c        0x4 d:/archivos de programa (hdd)/stm32cubeide_1.6.0/stm32cubeide/plugins/com.st.stm32cube.ide.mcu.externaltools.gnu-tools-for-stm32.10.3-2021.10.win32_1.0.0.202111181127/tools/bin/../lib/gcc/arm-none-eabi/10.3.1/thumb/v7e-m+fp/hard/crtbegin.o
                [!provide]                        PROVIDE (__fini_array_end = .)
                0x0000000008006ea0                . = ALIGN (0x4)
                0x0000000008006ea0                _sidata = LOADADDR (.data)

.data           0x0000000020000000       0x74 load address 0x0000000008006ea0
                0x0000000020000000                . = ALIGN (0x4)
                0x0000000020000000                _sdata = .
 *(.data)
 *(.data*)
 .data.SystemCoreClock
                0x0000000020000000        0x4 ./Core/Src/system_stm32f4xx.o
                0x0000000020000000                SystemCoreClock
 .data.uwTickPrio
                0x0000000020000004        0x4 ./Drivers/STM32F4xx_HAL_Driver/Src/stm32f4xx_hal.o
                0x0000000020000004                uwTickPrio
 .data.uwTickFreq
                0x0000000020000008        0x1 ./Drivers/STM32F4xx_HAL_Driver/Src/stm32f4xx_hal.o
                0x0000000020000008                uwTickFreq
 *fill*         0x0000000020000009        0x3 
 .data.uxCriticalNesting
                0x000000002000000c        0x4 ./Middlewares/Third_Party/FreeRTOS/Source/portable/GCC/ARM_CM4F/port.o
 .data._impure_ptr
                0x0000000020000010        0x4 d:/archivos de programa (hdd)/stm32cubeide_1.6.0/stm32cubeide/plugins/com.st.stm32cube.ide.mcu.externaltools.gnu-tools-for-stm32.10.3-2021.10.win32_1.0.0.202111181127/tools/bin/../lib/gcc/arm-none-eabi/10.3.1/../../../../arm-none-eabi/lib/thumb/v7e-m+fp/hard\libc_nano.a(lib_a-impure.o)
                0x0000000020000010                _impure_ptr
 .data.impure_data
                0x0000000020000014       0x60 d:/archivos de programa (hdd)/stm32cubeide_1.6.0/stm32cubeide/plugins/com.st.stm32cube.ide.mcu.externaltools.gnu-tools-for-stm32.10.3-2021.10.win32_1.0.0.202111181127/tools/bin/../lib/gcc/arm-none-eabi/10.3.1/../../../../arm-none-eabi/lib/thumb/v7e-m+fp/hard\libc_nano.a(lib_a-impure.o)
 *(.RamFunc)
 *(.RamFunc*)
                0x0000000020000074                . = ALIGN (0x4)
                0x0000000020000074                _edata = .

.igot.plt       0x0000000020000074        0x0 load address 0x0000000008006f14
 .igot.plt      0x0000000020000074        0x0 d:/archivos de programa (hdd)/stm32cubeide_1.6.0/stm32cubeide/plugins/com.st.stm32cube.ide.mcu.externaltools.gnu-tools-for-stm32.10.3-2021.10.win32_1.0.0.202111181127/tools/bin/../lib/gcc/arm-none-eabi/10.3.1/thumb/v7e-m+fp/hard/crtbegin.o
                0x0000000020000074                . = ALIGN (0x4)

.bss            0x0000000020000074     0x41c8 load address 0x0000000008006f14
                0x0000000020000074                _sbss = .
                0x0000000020000074                __bss_start__ = _sbss
 *(.bss)
 .bss           0x0000000020000074       0x1c d:/archivos de programa (hdd)/stm32cubeide_1.6.0/stm32cubeide/plugins/com.st.stm32cube.ide.mcu.externaltools.gnu-tools-for-stm32.10.3-2021.10.win32_1.0.0.202111181127/tools/bin/../lib/gcc/arm-none-eabi/10.3.1/thumb/v7e-m+fp/hard/crtbegin.o
 *(.bss*)
 .bss.xIdleTaskTCBBuffer
                0x0000000020000090       0xb4 ./Core/Src/freertos.o
 .bss.xIdleStack
                0x0000000020000144      0x200 ./Core/Src/freertos.o
 .bss.htim2     0x0000000020000344       0x48 ./Core/Src/main.o
                0x0000000020000344                htim2
 .bss.htim3     0x000000002000038c       0x48 ./Core/Src/main.o
                0x000000002000038c                htim3
 .bss.huart2    0x00000000200003d4       0x44 ./Core/Src/main.o
                0x00000000200003d4                huart2
 .bss.defaultTaskHandle
                0x0000000020000418        0x4 ./Core/Src/main.o
                0x0000000020000418                defaultTaskHandle
 .bss.semaforo1
                0x000000002000041c        0x4 ./Core/Src/main.o
                0x000000002000041c                semaforo1
 .bss.semaforo2
                0x0000000020000420        0x4 ./Core/Src/main.o
                0x0000000020000420                semaforo2
 .bss.flancoAscendenteCapturado
                0x0000000020000424        0x4 ./Core/Src/main.o
                0x0000000020000424                flancoAscendenteCapturado
 .bss.valorInicial
                0x0000000020000428        0x4 ./Core/Src/main.o
                0x0000000020000428                valorInicial
 .bss.valorFinal
                0x000000002000042c        0x4 ./Core/Src/main.o
                0x000000002000042c                valorFinal
 .bss.pulso     0x0000000020000430        0x4 ./Core/Src/main.o
                0x0000000020000430                pulso
 .bss.uartBufferLen
                0x0000000020000434        0x4 ./Core/Src/main.o
                0x0000000020000434                uartBufferLen
 .bss.uart_buf  0x0000000020000438       0x32 ./Core/Src/main.o
                0x0000000020000438                uart_buf
 *fill*         0x000000002000046a        0x2 
 .bss.muestras  0x000000002000046c       0x14 ./Core/Src/main.o
                0x000000002000046c                muestras
 .bss.pos       0x0000000020000480        0x4 ./Core/Src/main.o
                0x0000000020000480                pos
 .bss.distancia
                0x0000000020000484        0x4 ./Core/Src/main.o
                0x0000000020000484                distancia
 .bss.htim1     0x0000000020000488       0x48 ./Core/Src/stm32f4xx_hal_timebase_tim.o
                0x0000000020000488                htim1
 .bss.__sbrk_heap_end
                0x00000000200004d0        0x4 ./Core/Src/sysmem.o
 .bss.uwTick    0x00000000200004d4        0x4 ./Drivers/STM32F4xx_HAL_Driver/Src/stm32f4xx_hal.o
                0x00000000200004d4                uwTick
 .bss.pxCurrentTCB
                0x00000000200004d8        0x4 ./Middlewares/Third_Party/FreeRTOS/Source/tasks.o
                0x00000000200004d8                pxCurrentTCB
 .bss.pxReadyTasksLists
                0x00000000200004dc       0x8c ./Middlewares/Third_Party/FreeRTOS/Source/tasks.o
 .bss.xDelayedTaskList1
                0x0000000020000568       0x14 ./Middlewares/Third_Party/FreeRTOS/Source/tasks.o
 .bss.xDelayedTaskList2
                0x000000002000057c       0x14 ./Middlewares/Third_Party/FreeRTOS/Source/tasks.o
 .bss.pxDelayedTaskList
                0x0000000020000590        0x4 ./Middlewares/Third_Party/FreeRTOS/Source/tasks.o
 .bss.pxOverflowDelayedTaskList
                0x0000000020000594        0x4 ./Middlewares/Third_Party/FreeRTOS/Source/tasks.o
 .bss.xPendingReadyList
                0x0000000020000598       0x14 ./Middlewares/Third_Party/FreeRTOS/Source/tasks.o
 .bss.xTasksWaitingTermination
                0x00000000200005ac       0x14 ./Middlewares/Third_Party/FreeRTOS/Source/tasks.o
 .bss.uxDeletedTasksWaitingCleanUp
                0x00000000200005c0        0x4 ./Middlewares/Third_Party/FreeRTOS/Source/tasks.o
 .bss.xSuspendedTaskList
                0x00000000200005c4       0x14 ./Middlewares/Third_Party/FreeRTOS/Source/tasks.o
 .bss.uxCurrentNumberOfTasks
                0x00000000200005d8        0x4 ./Middlewares/Third_Party/FreeRTOS/Source/tasks.o
 .bss.xTickCount
                0x00000000200005dc        0x4 ./Middlewares/Third_Party/FreeRTOS/Source/tasks.o
 .bss.uxTopReadyPriority
                0x00000000200005e0        0x4 ./Middlewares/Third_Party/FreeRTOS/Source/tasks.o
 .bss.xSchedulerRunning
                0x00000000200005e4        0x4 ./Middlewares/Third_Party/FreeRTOS/Source/tasks.o
 .bss.xPendedTicks
                0x00000000200005e8        0x4 ./Middlewares/Third_Party/FreeRTOS/Source/tasks.o
 .bss.xYieldPending
                0x00000000200005ec        0x4 ./Middlewares/Third_Party/FreeRTOS/Source/tasks.o
 .bss.xNumOfOverflows
                0x00000000200005f0        0x4 ./Middlewares/Third_Party/FreeRTOS/Source/tasks.o
 .bss.uxTaskNumber
                0x00000000200005f4        0x4 ./Middlewares/Third_Party/FreeRTOS/Source/tasks.o
 .bss.xNextTaskUnblockTime
                0x00000000200005f8        0x4 ./Middlewares/Third_Party/FreeRTOS/Source/tasks.o
 .bss.xIdleTaskHandle
                0x00000000200005fc        0x4 ./Middlewares/Third_Party/FreeRTOS/Source/tasks.o
 .bss.uxSchedulerSuspended
                0x0000000020000600        0x4 ./Middlewares/Third_Party/FreeRTOS/Source/tasks.o
 .bss.ucMaxSysCallPriority
                0x0000000020000604        0x1 ./Middlewares/Third_Party/FreeRTOS/Source/portable/GCC/ARM_CM4F/port.o
 *fill*         0x0000000020000605        0x3 
 .bss.ulMaxPRIGROUPValue
                0x0000000020000608        0x4 ./Middlewares/Third_Party/FreeRTOS/Source/portable/GCC/ARM_CM4F/port.o
 .bss.ucHeap    0x000000002000060c     0x3c00 ./Middlewares/Third_Party/FreeRTOS/Source/portable/MemMang/heap_4.o
 .bss.xStart    0x000000002000420c        0x8 ./Middlewares/Third_Party/FreeRTOS/Source/portable/MemMang/heap_4.o
 .bss.pxEnd     0x0000000020004214        0x4 ./Middlewares/Third_Party/FreeRTOS/Source/portable/MemMang/heap_4.o
 .bss.xFreeBytesRemaining
                0x0000000020004218        0x4 ./Middlewares/Third_Party/FreeRTOS/Source/portable/MemMang/heap_4.o
 .bss.xMinimumEverFreeBytesRemaining
                0x000000002000421c        0x4 ./Middlewares/Third_Party/FreeRTOS/Source/portable/MemMang/heap_4.o
 .bss.xNumberOfSuccessfulAllocations
                0x0000000020004220        0x4 ./Middlewares/Third_Party/FreeRTOS/Source/portable/MemMang/heap_4.o
 .bss.xNumberOfSuccessfulFrees
                0x0000000020004224        0x4 ./Middlewares/Third_Party/FreeRTOS/Source/portable/MemMang/heap_4.o
 .bss.xBlockAllocatedBit
                0x0000000020004228        0x4 ./Middlewares/Third_Party/FreeRTOS/Source/portable/MemMang/heap_4.o
 .bss.__lock___malloc_recursive_mutex
                0x000000002000422c        0x1 d:/archivos de programa (hdd)/stm32cubeide_1.6.0/stm32cubeide/plugins/com.st.stm32cube.ide.mcu.externaltools.gnu-tools-for-stm32.10.3-2021.10.win32_1.0.0.202111181127/tools/bin/../lib/gcc/arm-none-eabi/10.3.1/../../../../arm-none-eabi/lib/thumb/v7e-m+fp/hard\libc_nano.a(lib_a-lock.o)
                0x000000002000422c                __lock___malloc_recursive_mutex
 *fill*         0x000000002000422d        0x3 
 .bss.__malloc_free_list
                0x0000000020004230        0x4 d:/archivos de programa (hdd)/stm32cubeide_1.6.0/stm32cubeide/plugins/com.st.stm32cube.ide.mcu.externaltools.gnu-tools-for-stm32.10.3-2021.10.win32_1.0.0.202111181127/tools/bin/../lib/gcc/arm-none-eabi/10.3.1/../../../../arm-none-eabi/lib/thumb/v7e-m+fp/hard\libc_nano.a(lib_a-nano-mallocr.o)
                0x0000000020004230                __malloc_free_list
 .bss.__malloc_sbrk_start
                0x0000000020004234        0x4 d:/archivos de programa (hdd)/stm32cubeide_1.6.0/stm32cubeide/plugins/com.st.stm32cube.ide.mcu.externaltools.gnu-tools-for-stm32.10.3-2021.10.win32_1.0.0.202111181127/tools/bin/../lib/gcc/arm-none-eabi/10.3.1/../../../../arm-none-eabi/lib/thumb/v7e-m+fp/hard\libc_nano.a(lib_a-nano-mallocr.o)
                0x0000000020004234                __malloc_sbrk_start
 .bss.errno     0x0000000020004238        0x4 d:/archivos de programa (hdd)/stm32cubeide_1.6.0/stm32cubeide/plugins/com.st.stm32cube.ide.mcu.externaltools.gnu-tools-for-stm32.10.3-2021.10.win32_1.0.0.202111181127/tools/bin/../lib/gcc/arm-none-eabi/10.3.1/../../../../arm-none-eabi/lib/thumb/v7e-m+fp/hard\libc_nano.a(lib_a-reent.o)
                0x0000000020004238                errno
 *(COMMON)
                0x000000002000423c                . = ALIGN (0x4)
                0x000000002000423c                _ebss = .
                0x000000002000423c                __bss_end__ = _ebss

._user_heap_stack
                0x000000002000423c      0x604 load address 0x0000000008006f14
                0x0000000020004240                . = ALIGN (0x8)
 *fill*         0x000000002000423c        0x4 
                [!provide]                        PROVIDE (end = .)
                0x0000000020004240                PROVIDE (_end = .)
                0x0000000020004440                . = (. + _Min_Heap_Size)
 *fill*         0x0000000020004240      0x200 
                0x0000000020004840                . = (. + _Min_Stack_Size)
 *fill*         0x0000000020004440      0x400 
                0x0000000020004840                . = ALIGN (0x8)

/DISCARD/
 libc.a(*)
 libm.a(*)
 libgcc.a(*)

.ARM.attributes
                0x0000000000000000       0x30
 *(.ARM.attributes)
 .ARM.attributes
                0x0000000000000000       0x1e d:/archivos de programa (hdd)/stm32cubeide_1.6.0/stm32cubeide/plugins/com.st.stm32cube.ide.mcu.externaltools.gnu-tools-for-stm32.10.3-2021.10.win32_1.0.0.202111181127/tools/bin/../lib/gcc/arm-none-eabi/10.3.1/thumb/v7e-m+fp/hard/crti.o
 .ARM.attributes
                0x000000000000001e       0x34 d:/archivos de programa (hdd)/stm32cubeide_1.6.0/stm32cubeide/plugins/com.st.stm32cube.ide.mcu.externaltools.gnu-tools-for-stm32.10.3-2021.10.win32_1.0.0.202111181127/tools/bin/../lib/gcc/arm-none-eabi/10.3.1/thumb/v7e-m+fp/hard/crtbegin.o
 .ARM.attributes
                0x0000000000000052       0x34 ./Core/Src/freertos.o
 .ARM.attributes
                0x0000000000000086       0x34 ./Core/Src/main.o
 .ARM.attributes
                0x00000000000000ba       0x34 ./Core/Src/stm32f4xx_hal_msp.o
 .ARM.attributes
                0x00000000000000ee       0x34 ./Core/Src/stm32f4xx_hal_timebase_tim.o
 .ARM.attributes
                0x0000000000000122       0x34 ./Core/Src/stm32f4xx_it.o
 .ARM.attributes
                0x0000000000000156       0x34 ./Core/Src/sysmem.o
 .ARM.attributes
                0x000000000000018a       0x34 ./Core/Src/system_stm32f4xx.o
 .ARM.attributes
                0x00000000000001be       0x21 ./Core/Startup/startup_stm32f401retx.o
 .ARM.attributes
                0x00000000000001df       0x34 ./Drivers/STM32F4xx_HAL_Driver/Src/stm32f4xx_hal.o
 .ARM.attributes
                0x0000000000000213       0x34 ./Drivers/STM32F4xx_HAL_Driver/Src/stm32f4xx_hal_cortex.o
 .ARM.attributes
                0x0000000000000247       0x34 ./Drivers/STM32F4xx_HAL_Driver/Src/stm32f4xx_hal_gpio.o
 .ARM.attributes
                0x000000000000027b       0x34 ./Drivers/STM32F4xx_HAL_Driver/Src/stm32f4xx_hal_rcc.o
 .ARM.attributes
                0x00000000000002af       0x34 ./Drivers/STM32F4xx_HAL_Driver/Src/stm32f4xx_hal_tim.o
 .ARM.attributes
                0x00000000000002e3       0x34 ./Drivers/STM32F4xx_HAL_Driver/Src/stm32f4xx_hal_tim_ex.o
 .ARM.attributes
                0x0000000000000317       0x34 ./Drivers/STM32F4xx_HAL_Driver/Src/stm32f4xx_hal_uart.o
 .ARM.attributes
                0x000000000000034b       0x34 ./Middlewares/Third_Party/FreeRTOS/Source/CMSIS_RTOS/cmsis_os.o
 .ARM.attributes
                0x000000000000037f       0x34 ./Middlewares/Third_Party/FreeRTOS/Source/list.o
 .ARM.attributes
                0x00000000000003b3       0x34 ./Middlewares/Third_Party/FreeRTOS/Source/queue.o
 .ARM.attributes
                0x00000000000003e7       0x34 ./Middlewares/Third_Party/FreeRTOS/Source/tasks.o
 .ARM.attributes
                0x000000000000041b       0x34 ./Middlewares/Third_Party/FreeRTOS/Source/portable/GCC/ARM_CM4F/port.o
 .ARM.attributes
                0x000000000000044f       0x34 ./Middlewares/Third_Party/FreeRTOS/Source/portable/MemMang/heap_4.o
 .ARM.attributes
                0x0000000000000483       0x34 d:/archivos de programa (hdd)/stm32cubeide_1.6.0/stm32cubeide/plugins/com.st.stm32cube.ide.mcu.externaltools.gnu-tools-for-stm32.10.3-2021.10.win32_1.0.0.202111181127/tools/bin/../lib/gcc/arm-none-eabi/10.3.1/../../../../arm-none-eabi/lib/thumb/v7e-m+fp/hard\libc_nano.a(lib_a-errno.o)
 .ARM.attributes
                0x00000000000004b7       0x34 d:/archivos de programa (hdd)/stm32cubeide_1.6.0/stm32cubeide/plugins/com.st.stm32cube.ide.mcu.externaltools.gnu-tools-for-stm32.10.3-2021.10.win32_1.0.0.202111181127/tools/bin/../lib/gcc/arm-none-eabi/10.3.1/../../../../arm-none-eabi/lib/thumb/v7e-m+fp/hard\libc_nano.a(lib_a-findfp.o)
 .ARM.attributes
                0x00000000000004eb       0x34 d:/archivos de programa (hdd)/stm32cubeide_1.6.0/stm32cubeide/plugins/com.st.stm32cube.ide.mcu.externaltools.gnu-tools-for-stm32.10.3-2021.10.win32_1.0.0.202111181127/tools/bin/../lib/gcc/arm-none-eabi/10.3.1/../../../../arm-none-eabi/lib/thumb/v7e-m+fp/hard\libc_nano.a(lib_a-impure.o)
 .ARM.attributes
                0x000000000000051f       0x34 d:/archivos de programa (hdd)/stm32cubeide_1.6.0/stm32cubeide/plugins/com.st.stm32cube.ide.mcu.externaltools.gnu-tools-for-stm32.10.3-2021.10.win32_1.0.0.202111181127/tools/bin/../lib/gcc/arm-none-eabi/10.3.1/../../../../arm-none-eabi/lib/thumb/v7e-m+fp/hard\libc_nano.a(lib_a-init.o)
 .ARM.attributes
                0x0000000000000553       0x34 d:/archivos de programa (hdd)/stm32cubeide_1.6.0/stm32cubeide/plugins/com.st.stm32cube.ide.mcu.externaltools.gnu-tools-for-stm32.10.3-2021.10.win32_1.0.0.202111181127/tools/bin/../lib/gcc/arm-none-eabi/10.3.1/../../../../arm-none-eabi/lib/thumb/v7e-m+fp/hard\libc_nano.a(lib_a-lock.o)
 .ARM.attributes
                0x0000000000000587       0x34 d:/archivos de programa (hdd)/stm32cubeide_1.6.0/stm32cubeide/plugins/com.st.stm32cube.ide.mcu.externaltools.gnu-tools-for-stm32.10.3-2021.10.win32_1.0.0.202111181127/tools/bin/../lib/gcc/arm-none-eabi/10.3.1/../../../../arm-none-eabi/lib/thumb/v7e-m+fp/hard\libc_nano.a(lib_a-memcpy-stub.o)
 .ARM.attributes
                0x00000000000005bb       0x34 d:/archivos de programa (hdd)/stm32cubeide_1.6.0/stm32cubeide/plugins/com.st.stm32cube.ide.mcu.externaltools.gnu-tools-for-stm32.10.3-2021.10.win32_1.0.0.202111181127/tools/bin/../lib/gcc/arm-none-eabi/10.3.1/../../../../arm-none-eabi/lib/thumb/v7e-m+fp/hard\libc_nano.a(lib_a-memset.o)
 .ARM.attributes
                0x00000000000005ef       0x34 d:/archivos de programa (hdd)/stm32cubeide_1.6.0/stm32cubeide/plugins/com.st.stm32cube.ide.mcu.externaltools.gnu-tools-for-stm32.10.3-2021.10.win32_1.0.0.202111181127/tools/bin/../lib/gcc/arm-none-eabi/10.3.1/../../../../arm-none-eabi/lib/thumb/v7e-m+fp/hard\libc_nano.a(lib_a-nano-mallocr.o)
 .ARM.attributes
                0x0000000000000623       0x34 d:/archivos de programa (hdd)/stm32cubeide_1.6.0/stm32cubeide/plugins/com.st.stm32cube.ide.mcu.externaltools.gnu-tools-for-stm32.10.3-2021.10.win32_1.0.0.202111181127/tools/bin/../lib/gcc/arm-none-eabi/10.3.1/../../../../arm-none-eabi/lib/thumb/v7e-m+fp/hard\libc_nano.a(lib_a-reent.o)
 .ARM.attributes
                0x0000000000000657       0x34 d:/archivos de programa (hdd)/stm32cubeide_1.6.0/stm32cubeide/plugins/com.st.stm32cube.ide.mcu.externaltools.gnu-tools-for-stm32.10.3-2021.10.win32_1.0.0.202111181127/tools/bin/../lib/gcc/arm-none-eabi/10.3.1/../../../../arm-none-eabi/lib/thumb/v7e-m+fp/hard\libc_nano.a(lib_a-sbrkr.o)
 .ARM.attributes
                0x000000000000068b       0x34 d:/archivos de programa (hdd)/stm32cubeide_1.6.0/stm32cubeide/plugins/com.st.stm32cube.ide.mcu.externaltools.gnu-tools-for-stm32.10.3-2021.10.win32_1.0.0.202111181127/tools/bin/../lib/gcc/arm-none-eabi/10.3.1/../../../../arm-none-eabi/lib/thumb/v7e-m+fp/hard\libc_nano.a(lib_a-sprintf.o)
 .ARM.attributes
                0x00000000000006bf       0x34 d:/archivos de programa (hdd)/stm32cubeide_1.6.0/stm32cubeide/plugins/com.st.stm32cube.ide.mcu.externaltools.gnu-tools-for-stm32.10.3-2021.10.win32_1.0.0.202111181127/tools/bin/../lib/gcc/arm-none-eabi/10.3.1/../../../../arm-none-eabi/lib/thumb/v7e-m+fp/hard\libc_nano.a(lib_a-mlock.o)
 .ARM.attributes
                0x00000000000006f3       0x34 d:/archivos de programa (hdd)/stm32cubeide_1.6.0/stm32cubeide/plugins/com.st.stm32cube.ide.mcu.externaltools.gnu-tools-for-stm32.10.3-2021.10.win32_1.0.0.202111181127/tools/bin/../lib/gcc/arm-none-eabi/10.3.1/../../../../arm-none-eabi/lib/thumb/v7e-m+fp/hard\libc_nano.a(lib_a-nano-freer.o)
 .ARM.attributes
                0x0000000000000727       0x34 d:/archivos de programa (hdd)/stm32cubeide_1.6.0/stm32cubeide/plugins/com.st.stm32cube.ide.mcu.externaltools.gnu-tools-for-stm32.10.3-2021.10.win32_1.0.0.202111181127/tools/bin/../lib/gcc/arm-none-eabi/10.3.1/../../../../arm-none-eabi/lib/thumb/v7e-m+fp/hard\libc_nano.a(lib_a-nano-svfprintf.o)
 .ARM.attributes
                0x000000000000075b       0x34 d:/archivos de programa (hdd)/stm32cubeide_1.6.0/stm32cubeide/plugins/com.st.stm32cube.ide.mcu.externaltools.gnu-tools-for-stm32.10.3-2021.10.win32_1.0.0.202111181127/tools/bin/../lib/gcc/arm-none-eabi/10.3.1/../../../../arm-none-eabi/lib/thumb/v7e-m+fp/hard\libc_nano.a(lib_a-nano-vfprintf_i.o)
 .ARM.attributes
                0x000000000000078f       0x1c d:/archivos de programa (hdd)/stm32cubeide_1.6.0/stm32cubeide/plugins/com.st.stm32cube.ide.mcu.externaltools.gnu-tools-for-stm32.10.3-2021.10.win32_1.0.0.202111181127/tools/bin/../lib/gcc/arm-none-eabi/10.3.1/../../../../arm-none-eabi/lib/thumb/v7e-m+fp/hard\libc_nano.a(lib_a-memchr.o)
 .ARM.attributes
                0x00000000000007ab       0x34 d:/archivos de programa (hdd)/stm32cubeide_1.6.0/stm32cubeide/plugins/com.st.stm32cube.ide.mcu.externaltools.gnu-tools-for-stm32.10.3-2021.10.win32_1.0.0.202111181127/tools/bin/../lib/gcc/arm-none-eabi/10.3.1/../../../../arm-none-eabi/lib/thumb/v7e-m+fp/hard\libc_nano.a(lib_a-memmove.o)
 .ARM.attributes
                0x00000000000007df       0x34 d:/archivos de programa (hdd)/stm32cubeide_1.6.0/stm32cubeide/plugins/com.st.stm32cube.ide.mcu.externaltools.gnu-tools-for-stm32.10.3-2021.10.win32_1.0.0.202111181127/tools/bin/../lib/gcc/arm-none-eabi/10.3.1/../../../../arm-none-eabi/lib/thumb/v7e-m+fp/hard\libc_nano.a(lib_a-nano-reallocr.o)
 .ARM.attributes
                0x0000000000000813       0x34 d:/archivos de programa (hdd)/stm32cubeide_1.6.0/stm32cubeide/plugins/com.st.stm32cube.ide.mcu.externaltools.gnu-tools-for-stm32.10.3-2021.10.win32_1.0.0.202111181127/tools/bin/../lib/gcc/arm-none-eabi/10.3.1/../../../../arm-none-eabi/lib/thumb/v7e-m+fp/hard\libc_nano.a(lib_a-nano-msizer.o)
 .ARM.attributes
                0x0000000000000847       0x1e d:/archivos de programa (hdd)/stm32cubeide_1.6.0/stm32cubeide/plugins/com.st.stm32cube.ide.mcu.externaltools.gnu-tools-for-stm32.10.3-2021.10.win32_1.0.0.202111181127/tools/bin/../lib/gcc/arm-none-eabi/10.3.1/thumb/v7e-m+fp/hard\libgcc.a(_aeabi_uldivmod.o)
 .ARM.attributes
                0x0000000000000865       0x34 d:/archivos de programa (hdd)/stm32cubeide_1.6.0/stm32cubeide/plugins/com.st.stm32cube.ide.mcu.externaltools.gnu-tools-for-stm32.10.3-2021.10.win32_1.0.0.202111181127/tools/bin/../lib/gcc/arm-none-eabi/10.3.1/thumb/v7e-m+fp/hard\libgcc.a(_udivmoddi4.o)
 .ARM.attributes
                0x0000000000000899       0x1e d:/archivos de programa (hdd)/stm32cubeide_1.6.0/stm32cubeide/plugins/com.st.stm32cube.ide.mcu.externaltools.gnu-tools-for-stm32.10.3-2021.10.win32_1.0.0.202111181127/tools/bin/../lib/gcc/arm-none-eabi/10.3.1/thumb/v7e-m+fp/hard\libgcc.a(_dvmd_tls.o)
 .ARM.attributes
                0x00000000000008b7       0x1e d:/archivos de programa (hdd)/stm32cubeide_1.6.0/stm32cubeide/plugins/com.st.stm32cube.ide.mcu.externaltools.gnu-tools-for-stm32.10.3-2021.10.win32_1.0.0.202111181127/tools/bin/../lib/gcc/arm-none-eabi/10.3.1/thumb/v7e-m+fp/hard/crtn.o
OUTPUT(FreeRTOS_v1.elf elf32-littlearm)
LOAD linker stubs
LOAD d:/archivos de programa (hdd)/stm32cubeide_1.6.0/stm32cubeide/plugins/com.st.stm32cube.ide.mcu.externaltools.gnu-tools-for-stm32.10.3-2021.10.win32_1.0.0.202111181127/tools/bin/../lib/gcc/arm-none-eabi/10.3.1/../../../../arm-none-eabi/lib/thumb/v7e-m+fp/hard\libc.a
LOAD d:/archivos de programa (hdd)/stm32cubeide_1.6.0/stm32cubeide/plugins/com.st.stm32cube.ide.mcu.externaltools.gnu-tools-for-stm32.10.3-2021.10.win32_1.0.0.202111181127/tools/bin/../lib/gcc/arm-none-eabi/10.3.1/../../../../arm-none-eabi/lib/thumb/v7e-m+fp/hard\libm.a
LOAD d:/archivos de programa (hdd)/stm32cubeide_1.6.0/stm32cubeide/plugins/com.st.stm32cube.ide.mcu.externaltools.gnu-tools-for-stm32.10.3-2021.10.win32_1.0.0.202111181127/tools/bin/../lib/gcc/arm-none-eabi/10.3.1/thumb/v7e-m+fp/hard\libgcc.a

.debug_info     0x0000000000000000    0x16089
 .debug_info    0x0000000000000000      0x9c8 ./Core/Src/freertos.o
 .debug_info    0x00000000000009c8     0x22ee ./Core/Src/main.o
 .debug_info    0x0000000000002cb6      0xffd ./Core/Src/stm32f4xx_hal_msp.o
 .debug_info    0x0000000000003cb3      0xbaf ./Core/Src/stm32f4xx_hal_timebase_tim.o
 .debug_info    0x0000000000004862      0x74a ./Core/Src/stm32f4xx_it.o
 .debug_info    0x0000000000004fac      0x171 ./Core/Src/sysmem.o
 .debug_info    0x000000000000511d      0x54f ./Core/Src/system_stm32f4xx.o
 .debug_info    0x000000000000566c       0x22 ./Core/Startup/startup_stm32f401retx.o
 .debug_info    0x000000000000568e      0x906 ./Drivers/STM32F4xx_HAL_Driver/Src/stm32f4xx_hal.o
 .debug_info    0x0000000000005f94      0xd85 ./Drivers/STM32F4xx_HAL_Driver/Src/stm32f4xx_hal_cortex.o
 .debug_info    0x0000000000006d19      0x78e ./Drivers/STM32F4xx_HAL_Driver/Src/stm32f4xx_hal_gpio.o
 .debug_info    0x00000000000074a7      0x98c ./Drivers/STM32F4xx_HAL_Driver/Src/stm32f4xx_hal_rcc.o
 .debug_info    0x0000000000007e33     0x2bb6 ./Drivers/STM32F4xx_HAL_Driver/Src/stm32f4xx_hal_tim.o
 .debug_info    0x000000000000a9e9     0x15d8 ./Drivers/STM32F4xx_HAL_Driver/Src/stm32f4xx_hal_tim_ex.o
 .debug_info    0x000000000000bfc1     0x31b4 ./Drivers/STM32F4xx_HAL_Driver/Src/stm32f4xx_hal_uart.o
 .debug_info    0x000000000000f175     0x2352 ./Middlewares/Third_Party/FreeRTOS/Source/CMSIS_RTOS/cmsis_os.o
 .debug_info    0x00000000000114c7      0x2d1 ./Middlewares/Third_Party/FreeRTOS/Source/list.o
 .debug_info    0x0000000000011798     0x18e1 ./Middlewares/Third_Party/FreeRTOS/Source/queue.o
 .debug_info    0x0000000000013079     0x25fe ./Middlewares/Third_Party/FreeRTOS/Source/tasks.o
 .debug_info    0x0000000000015677      0x507 ./Middlewares/Third_Party/FreeRTOS/Source/portable/GCC/ARM_CM4F/port.o
 .debug_info    0x0000000000015b7e      0x50b ./Middlewares/Third_Party/FreeRTOS/Source/portable/MemMang/heap_4.o

.debug_abbrev   0x0000000000000000     0x2f0a
 .debug_abbrev  0x0000000000000000      0x183 ./Core/Src/freertos.o
 .debug_abbrev  0x0000000000000183      0x38e ./Core/Src/main.o
 .debug_abbrev  0x0000000000000511      0x215 ./Core/Src/stm32f4xx_hal_msp.o
 .debug_abbrev  0x0000000000000726      0x1e4 ./Core/Src/stm32f4xx_hal_timebase_tim.o
 .debug_abbrev  0x000000000000090a      0x197 ./Core/Src/stm32f4xx_it.o
 .debug_abbrev  0x0000000000000aa1       0xbb ./Core/Src/sysmem.o
 .debug_abbrev  0x0000000000000b5c      0x116 ./Core/Src/system_stm32f4xx.o
 .debug_abbrev  0x0000000000000c72       0x12 ./Core/Startup/startup_stm32f401retx.o
 .debug_abbrev  0x0000000000000c84      0x23e ./Drivers/STM32F4xx_HAL_Driver/Src/stm32f4xx_hal.o
 .debug_abbrev  0x0000000000000ec2      0x316 ./Drivers/STM32F4xx_HAL_Driver/Src/stm32f4xx_hal_cortex.o
 .debug_abbrev  0x00000000000011d8      0x1c4 ./Drivers/STM32F4xx_HAL_Driver/Src/stm32f4xx_hal_gpio.o
 .debug_abbrev  0x000000000000139c      0x2aa ./Drivers/STM32F4xx_HAL_Driver/Src/stm32f4xx_hal_rcc.o
 .debug_abbrev  0x0000000000001646      0x26e ./Drivers/STM32F4xx_HAL_Driver/Src/stm32f4xx_hal_tim.o
 .debug_abbrev  0x00000000000018b4      0x276 ./Drivers/STM32F4xx_HAL_Driver/Src/stm32f4xx_hal_tim_ex.o
 .debug_abbrev  0x0000000000001b2a      0x305 ./Drivers/STM32F4xx_HAL_Driver/Src/stm32f4xx_hal_uart.o
 .debug_abbrev  0x0000000000001e2f      0x406 ./Middlewares/Third_Party/FreeRTOS/Source/CMSIS_RTOS/cmsis_os.o
 .debug_abbrev  0x0000000000002235       0xf2 ./Middlewares/Third_Party/FreeRTOS/Source/list.o
 .debug_abbrev  0x0000000000002327      0x3a1 ./Middlewares/Third_Party/FreeRTOS/Source/queue.o
 .debug_abbrev  0x00000000000026c8      0x3d7 ./Middlewares/Third_Party/FreeRTOS/Source/tasks.o
 .debug_abbrev  0x0000000000002a9f      0x259 ./Middlewares/Third_Party/FreeRTOS/Source/portable/GCC/ARM_CM4F/port.o
 .debug_abbrev  0x0000000000002cf8      0x212 ./Middlewares/Third_Party/FreeRTOS/Source/portable/MemMang/heap_4.o

.debug_aranges  0x0000000000000000     0x11d8
 .debug_aranges
                0x0000000000000000       0x28 ./Core/Src/freertos.o
 .debug_aranges
                0x0000000000000028       0x88 ./Core/Src/main.o
 .debug_aranges
                0x00000000000000b0       0x58 ./Core/Src/stm32f4xx_hal_msp.o
 .debug_aranges
                0x0000000000000108       0x30 ./Core/Src/stm32f4xx_hal_timebase_tim.o
 .debug_aranges
                0x0000000000000138       0x60 ./Core/Src/stm32f4xx_it.o
 .debug_aranges
                0x0000000000000198       0x20 ./Core/Src/sysmem.o
 .debug_aranges
                0x00000000000001b8       0x28 ./Core/Src/system_stm32f4xx.o
 .debug_aranges
                0x00000000000001e0       0x28 ./Core/Startup/startup_stm32f401retx.o
 .debug_aranges
                0x0000000000000208       0xf0 ./Drivers/STM32F4xx_HAL_Driver/Src/stm32f4xx_hal.o
 .debug_aranges
                0x00000000000002f8      0x118 ./Drivers/STM32F4xx_HAL_Driver/Src/stm32f4xx_hal_cortex.o
 .debug_aranges
                0x0000000000000410       0x58 ./Drivers/STM32F4xx_HAL_Driver/Src/stm32f4xx_hal_gpio.o
 .debug_aranges
                0x0000000000000468       0x88 ./Drivers/STM32F4xx_HAL_Driver/Src/stm32f4xx_hal_rcc.o
 .debug_aranges
                0x00000000000004f0      0x3d0 ./Drivers/STM32F4xx_HAL_Driver/Src/stm32f4xx_hal_tim.o
 .debug_aranges
                0x00000000000008c0      0x168 ./Drivers/STM32F4xx_HAL_Driver/Src/stm32f4xx_hal_tim_ex.o
 .debug_aranges
                0x0000000000000a28      0x200 ./Drivers/STM32F4xx_HAL_Driver/Src/stm32f4xx_hal_uart.o
 .debug_aranges
                0x0000000000000c28      0x1d8 ./Middlewares/Third_Party/FreeRTOS/Source/CMSIS_RTOS/cmsis_os.o
 .debug_aranges
                0x0000000000000e00       0x40 ./Middlewares/Third_Party/FreeRTOS/Source/list.o
 .debug_aranges
                0x0000000000000e40      0x108 ./Middlewares/Third_Party/FreeRTOS/Source/queue.o
 .debug_aranges
                0x0000000000000f48      0x1b8 ./Middlewares/Third_Party/FreeRTOS/Source/tasks.o
 .debug_aranges
                0x0000000000001100       0x80 ./Middlewares/Third_Party/FreeRTOS/Source/portable/GCC/ARM_CM4F/port.o
 .debug_aranges
                0x0000000000001180       0x58 ./Middlewares/Third_Party/FreeRTOS/Source/portable/MemMang/heap_4.o

.debug_ranges   0x0000000000000000     0x10c0
 .debug_ranges  0x0000000000000000       0x18 ./Core/Src/freertos.o
 .debug_ranges  0x0000000000000018       0x78 ./Core/Src/main.o
 .debug_ranges  0x0000000000000090       0x48 ./Core/Src/stm32f4xx_hal_msp.o
 .debug_ranges  0x00000000000000d8       0x20 ./Core/Src/stm32f4xx_hal_timebase_tim.o
 .debug_ranges  0x00000000000000f8       0x50 ./Core/Src/stm32f4xx_it.o
 .debug_ranges  0x0000000000000148       0x10 ./Core/Src/sysmem.o
 .debug_ranges  0x0000000000000158       0x18 ./Core/Src/system_stm32f4xx.o
 .debug_ranges  0x0000000000000170       0x20 ./Core/Startup/startup_stm32f401retx.o
 .debug_ranges  0x0000000000000190       0xe0 ./Drivers/STM32F4xx_HAL_Driver/Src/stm32f4xx_hal.o
 .debug_ranges  0x0000000000000270      0x108 ./Drivers/STM32F4xx_HAL_Driver/Src/stm32f4xx_hal_cortex.o
 .debug_ranges  0x0000000000000378       0x48 ./Drivers/STM32F4xx_HAL_Driver/Src/stm32f4xx_hal_gpio.o
 .debug_ranges  0x00000000000003c0       0x78 ./Drivers/STM32F4xx_HAL_Driver/Src/stm32f4xx_hal_rcc.o
 .debug_ranges  0x0000000000000438      0x3c0 ./Drivers/STM32F4xx_HAL_Driver/Src/stm32f4xx_hal_tim.o
 .debug_ranges  0x00000000000007f8      0x158 ./Drivers/STM32F4xx_HAL_Driver/Src/stm32f4xx_hal_tim_ex.o
 .debug_ranges  0x0000000000000950      0x220 ./Drivers/STM32F4xx_HAL_Driver/Src/stm32f4xx_hal_uart.o
 .debug_ranges  0x0000000000000b70      0x1c8 ./Middlewares/Third_Party/FreeRTOS/Source/CMSIS_RTOS/cmsis_os.o
 .debug_ranges  0x0000000000000d38       0x30 ./Middlewares/Third_Party/FreeRTOS/Source/list.o
 .debug_ranges  0x0000000000000d68       0xf8 ./Middlewares/Third_Party/FreeRTOS/Source/queue.o
 .debug_ranges  0x0000000000000e60      0x1a8 ./Middlewares/Third_Party/FreeRTOS/Source/tasks.o
 .debug_ranges  0x0000000000001008       0x70 ./Middlewares/Third_Party/FreeRTOS/Source/portable/GCC/ARM_CM4F/port.o
 .debug_ranges  0x0000000000001078       0x48 ./Middlewares/Third_Party/FreeRTOS/Source/portable/MemMang/heap_4.o

.debug_macro    0x0000000000000000    0x17cd6
 .debug_macro   0x0000000000000000      0x2e2 ./Core/Src/freertos.o
 .debug_macro   0x00000000000002e2      0xa78 ./Core/Src/freertos.o
 .debug_macro   0x0000000000000d5a      0x174 ./Core/Src/freertos.o
 .debug_macro   0x0000000000000ece       0x22 ./Core/Src/freertos.o
 .debug_macro   0x0000000000000ef0       0x8e ./Core/Src/freertos.o
 .debug_macro   0x0000000000000f7e       0x51 ./Core/Src/freertos.o
 .debug_macro   0x0000000000000fcf      0x103 ./Core/Src/freertos.o
 .debug_macro   0x00000000000010d2       0x6a ./Core/Src/freertos.o
 .debug_macro   0x000000000000113c      0x1df ./Core/Src/freertos.o
 .debug_macro   0x000000000000131b       0xf1 ./Core/Src/freertos.o
 .debug_macro   0x000000000000140c      0x15a ./Core/Src/freertos.o
 .debug_macro   0x0000000000001566       0xde ./Core/Src/freertos.o
 .debug_macro   0x0000000000001644       0x1c ./Core/Src/freertos.o
 .debug_macro   0x0000000000001660       0x26 ./Core/Src/freertos.o
 .debug_macro   0x0000000000001686       0x52 ./Core/Src/freertos.o
 .debug_macro   0x00000000000016d8       0x1e ./Core/Src/freertos.o
 .debug_macro   0x00000000000016f6       0x3c ./Core/Src/freertos.o
 .debug_macro   0x0000000000001732       0x34 ./Core/Src/freertos.o
 .debug_macro   0x0000000000001766       0x16 ./Core/Src/freertos.o
 .debug_macro   0x000000000000177c       0x43 ./Core/Src/freertos.o
 .debug_macro   0x00000000000017bf       0x34 ./Core/Src/freertos.o
 .debug_macro   0x00000000000017f3       0x10 ./Core/Src/freertos.o
 .debug_macro   0x0000000000001803       0x58 ./Core/Src/freertos.o
 .debug_macro   0x000000000000185b       0x71 ./Core/Src/freertos.o
 .debug_macro   0x00000000000018cc       0x1c ./Core/Src/freertos.o
 .debug_macro   0x00000000000018e8      0x12a ./Core/Src/freertos.o
 .debug_macro   0x0000000000001a12       0x10 ./Core/Src/freertos.o
 .debug_macro   0x0000000000001a22       0x35 ./Core/Src/freertos.o
 .debug_macro   0x0000000000001a57      0x4fe ./Core/Src/freertos.o
 .debug_macro   0x0000000000001f55       0xb5 ./Core/Src/freertos.o
 .debug_macro   0x000000000000200a       0xaa ./Core/Src/freertos.o
 .debug_macro   0x00000000000020b4      0x29b ./Core/Src/freertos.o
 .debug_macro   0x000000000000234f       0x2e ./Core/Src/freertos.o
 .debug_macro   0x000000000000237d       0x28 ./Core/Src/freertos.o
 .debug_macro   0x00000000000023a5       0x1c ./Core/Src/freertos.o
 .debug_macro   0x00000000000023c1       0x22 ./Core/Src/freertos.o
 .debug_macro   0x00000000000023e3       0xd9 ./Core/Src/freertos.o
 .debug_macro   0x00000000000024bc     0x102d ./Core/Src/freertos.o
 .debug_macro   0x00000000000034e9      0x11f ./Core/Src/freertos.o
 .debug_macro   0x0000000000003608     0xb86c ./Core/Src/freertos.o
 .debug_macro   0x000000000000ee74       0x6d ./Core/Src/freertos.o
 .debug_macro   0x000000000000eee1     0x367e ./Core/Src/freertos.o
 .debug_macro   0x000000000001255f       0x5c ./Core/Src/freertos.o
 .debug_macro   0x00000000000125bb      0x416 ./Core/Src/freertos.o
 .debug_macro   0x00000000000129d1      0x9fe ./Core/Src/freertos.o
 .debug_macro   0x00000000000133cf      0x115 ./Core/Src/freertos.o
 .debug_macro   0x00000000000134e4       0xf8 ./Core/Src/freertos.o
 .debug_macro   0x00000000000135dc       0xa5 ./Core/Src/freertos.o
 .debug_macro   0x0000000000013681      0x15f ./Core/Src/freertos.o
 .debug_macro   0x00000000000137e0      0x287 ./Core/Src/freertos.o
 .debug_macro   0x0000000000013a67       0x5f ./Core/Src/freertos.o
 .debug_macro   0x0000000000013ac6      0x236 ./Core/Src/freertos.o
 .debug_macro   0x0000000000013cfc      0x132 ./Core/Src/freertos.o
 .debug_macro   0x0000000000013e2e      0x264 ./Core/Src/freertos.o
 .debug_macro   0x0000000000014092       0x2e ./Core/Src/freertos.o
 .debug_macro   0x00000000000140c0      0x11a ./Core/Src/freertos.o
 .debug_macro   0x00000000000141da       0x85 ./Core/Src/freertos.o
 .debug_macro   0x000000000001425f       0x89 ./Core/Src/freertos.o
 .debug_macro   0x00000000000142e8      0x8e6 ./Core/Src/freertos.o
 .debug_macro   0x0000000000014bce       0x47 ./Core/Src/freertos.o
 .debug_macro   0x0000000000014c15      0x295 ./Core/Src/freertos.o
 .debug_macro   0x0000000000014eaa      0x126 ./Core/Src/freertos.o
 .debug_macro   0x0000000000014fd0       0x6a ./Core/Src/freertos.o
 .debug_macro   0x000000000001503a      0x333 ./Core/Src/main.o
 .debug_macro   0x000000000001536d       0xf1 ./Core/Src/main.o
 .debug_macro   0x000000000001545e       0x91 ./Core/Src/main.o
 .debug_macro   0x00000000000154ef       0x8d ./Core/Src/main.o
 .debug_macro   0x000000000001557c       0x7e ./Core/Src/main.o
 .debug_macro   0x00000000000155fa       0x19 ./Core/Src/main.o
 .debug_macro   0x0000000000015613       0xf2 ./Core/Src/main.o
 .debug_macro   0x0000000000015705      0x1dd ./Core/Src/stm32f4xx_hal_msp.o
 .debug_macro   0x00000000000158e2      0x1ce ./Core/Src/stm32f4xx_hal_timebase_tim.o
 .debug_macro   0x0000000000015ab0      0x1e7 ./Core/Src/stm32f4xx_it.o
 .debug_macro   0x0000000000015c97       0xff ./Core/Src/sysmem.o
 .debug_macro   0x0000000000015d96      0x23b ./Core/Src/sysmem.o
 .debug_macro   0x0000000000015fd1      0x1ce ./Core/Src/system_stm32f4xx.o
 .debug_macro   0x000000000001619f      0x22e ./Drivers/STM32F4xx_HAL_Driver/Src/stm32f4xx_hal.o
 .debug_macro   0x00000000000163cd      0x1ce ./Drivers/STM32F4xx_HAL_Driver/Src/stm32f4xx_hal_cortex.o
 .debug_macro   0x000000000001659b      0x1d4 ./Drivers/STM32F4xx_HAL_Driver/Src/stm32f4xx_hal_gpio.o
 .debug_macro   0x000000000001676f      0x1f2 ./Drivers/STM32F4xx_HAL_Driver/Src/stm32f4xx_hal_rcc.o