../Core/Src/main.c:79:5:main	56	static
../Core/Src/main.c:167:6:SystemClock_Config	88	static
../Core/Src/main.c:214:13:MX_TIM2_Init	48	static
../Core/Src/main.c:272:13:MX_TIM3_Init	48	static
../Core/Src/main.c:321:13:MX_USART2_UART_Init	8	static
../Core/Src/main.c:354:13:MX_GPIO_Init	48	static
../Core/Src/main.c:387:6:HAL_GPIO_EXTI_Callback	16	static
../Core/Src/main.c:401:6:HAL_TIM_IC_CaptureCallback	16	static
../Core/Src/main.c:422:6:TrigSensor	16	static
../Core/Src/main.c:439:6:FiltroDistancia	24	static
../Core/Src/main.c:467:6:generacionPWM	24	static
../Core/Src/main.c:505:6:StartDefaultTask	16	static
../Core/Src/main.c:527:6:HAL_TIM_PeriodElapsedCallback	16	static
../Core/Src/main.c:544:6:Error_Handler	4	static,ignoring_inline_asm
