../Core/Src/main.c:89:5:main	56	static
../Core/Src/main.c:177:6:SystemClock_Config	88	static
../Core/Src/main.c:224:13:MX_TIM2_Init	48	static
../Core/Src/main.c:282:13:MX_TIM3_Init	48	static
../Core/Src/main.c:331:13:MX_USART2_UART_Init	8	static
../Core/Src/main.c:364:13:MX_GPIO_Init	48	static
../Core/Src/main.c:397:6:HAL_GPIO_EXTI_Callback	16	static
../Core/Src/main.c:401:6:HAL_TIM_IC_CaptureCallback	16	static
../Core/Src/main.c:422:6:TrigSensor	16	static
../Core/Src/main.c:437:6:FiltroDistancia	80	static
../Core/Src/main.c:478:6:generacionPWM	24	static
../Core/Src/main.c:518:6:StartDefaultTask	16	static
../Core/Src/main.c:540:6:HAL_TIM_PeriodElapsedCallback	16	static
../Core/Src/main.c:557:6:Error_Handler	4	static,ignoring_inline_asm
